2026-05-01 21:12:27,145 - WARNING - (trapped) error reading bcrypt version
Traceback (most recent call last):
  File "/home/mufutumari/Desktop/todo_app/.venv/lib/python3.13/site-packages/passlib/handlers/bcrypt.py", line 620, in _load_backend_mixin
    version = _bcrypt.__about__.__version__
              ^^^^^^^^^^^^^^^^^
AttributeError: module 'bcrypt' has no attribute '__about__'
2026-05-01 21:12:27,158 - ERROR - Unhandled error on POST /register (15ms): password cannot be longer than 72 bytes, truncate manually if necessary (e.g. my_password[:72])
Traceback (most recent call last):
  File "/home/mufutumari/Desktop/todo_app/backend/main.py", line 28, in log_requests
    response = await call_next(request)
               ^^^^^^^^^^^^^^^^^^^^^^^^
  File "/home/mufutumari/Desktop/todo_app/.venv/lib/python3.13/site-packages/starlette/middleware/base.py", line 168, in call_next
    raise app_exc from app_exc.__cause__ or app_exc.__context__
  File "/home/mufutumari/Desktop/todo_app/.venv/lib/python3.13/site-packages/starlette/middleware/base.py", line 144, in coro
    await self.app(scope, receive_or_disconnect, send_no_error)
  File "/home/mufutumari/Desktop/todo_app/.venv/lib/python3.13/site-packages/starlette/middleware/cors.py", line 88, in __call__
    await self.app(scope, receive, send)
  File "/home/mufutumari/Desktop/todo_app/.venv/lib/python3.13/site-packages/starlette/middleware/exceptions.py", line 63, in __call__
    await wrap_app_handling_exceptions(self.app, conn)(scope, receive, send)
  File "/home/mufutumari/Desktop/todo_app/.venv/lib/python3.13/site-packages/starlette/_exception_handler.py", line 53, in wrapped_app
    raise exc
  File "/home/mufutumari/Desktop/todo_app/.venv/lib/python3.13/site-packages/starlette/_exception_handler.py", line 42, in wrapped_app
    await app(scope, receive, sender)
  File "/home/mufutumari/Desktop/todo_app/.venv/lib/python3.13/site-packages/fastapi/middleware/asyncexitstack.py", line 18, in __call__
    await self.app(scope, receive, send)
  File "/home/mufutumari/Desktop/todo_app/.venv/lib/python3.13/site-packages/starlette/routing.py", line 660, in __call__
    await self.middleware_stack(scope, receive, send)
  File "/home/mufutumari/Desktop/todo_app/.venv/lib/python3.13/site-packages/starlette/routing.py", line 680, in app
    await route.handle(scope, receive, send)
  File "/home/mufutumari/Desktop/todo_app/.venv/lib/python3.13/site-packages/starlette/routing.py", line 276, in handle
    await self.app(scope, receive, send)
  File "/home/mufutumari/Desktop/todo_app/.venv/lib/python3.13/site-packages/fastapi/routing.py", line 134, in app
    await wrap_app_handling_exceptions(app, request)(scope, receive, send)
  File "/home/mufutumari/Desktop/todo_app/.venv/lib/python3.13/site-packages/starlette/_exception_handler.py", line 53, in wrapped_app
    raise exc
  File "/home/mufutumari/Desktop/todo_app/.venv/lib/python3.13/site-packages/starlette/_exception_handler.py", line 42, in wrapped_app
    await app(scope, receive, sender)
  File "/home/mufutumari/Desktop/todo_app/.venv/lib/python3.13/site-packages/fastapi/routing.py", line 120, in app
    response = await f(request)
               ^^^^^^^^^^^^^^^^
  File "/home/mufutumari/Desktop/todo_app/.venv/lib/python3.13/site-packages/fastapi/routing.py", line 674, in app
    raw_response = await run_endpoint_function(
                   ^^^^^^^^^^^^^^^^^^^^^^^^^^^^
    ...<3 lines>...
    )
    ^
  File "/home/mufutumari/Desktop/todo_app/.venv/lib/python3.13/site-packages/fastapi/routing.py", line 330, in run_endpoint_function
    return await run_in_threadpool(dependant.call, **values)
           ^^^^^^^^^^^^^^^^^^^^^^^^^^^^^^^^^^^^^^^^^^^^^^^^^
  File "/home/mufutumari/Desktop/todo_app/.venv/lib/python3.13/site-packages/starlette/concurrency.py", line 32, in run_in_threadpool
    return await anyio.to_thread.run_sync(func)
           ^^^^^^^^^^^^^^^^^^^^^^^^^^^^^^^^^^^^
  File "/home/mufutumari/Desktop/todo_app/.venv/lib/python3.13/site-packages/anyio/to_thread.py", line 63, in run_sync
    return await get_async_backend().run_sync_in_worker_thread(
           ^^^^^^^^^^^^^^^^^^^^^^^^^^^^^^^^^^^^^^^^^^^^^^^^^^^^
        func, args, abandon_on_cancel=abandon_on_cancel, limiter=limiter
        ^^^^^^^^^^^^^^^^^^^^^^^^^^^^^^^^^^^^^^^^^^^^^^^^^^^^^^^^^^^^^^^^
    )
    ^
  File "/home/mufutumari/Desktop/todo_app/.venv/lib/python3.13/site-packages/anyio/_backends/_asyncio.py", line 2518, in run_sync_in_worker_thread
    return await future
           ^^^^^^^^^^^^
  File "/home/mufutumari/Desktop/todo_app/.venv/lib/python3.13/site-packages/anyio/_backends/_asyncio.py", line 1002, in run
    result = context.run(func, *args)
  File "/home/mufutumari/Desktop/todo_app/backend/main.py", line 61, in register
    users_db[user.username] = hash_password(user.password)
                              ~~~~~~~~~~~~~^^^^^^^^^^^^^^^
  File "/home/mufutumari/Desktop/todo_app/backend/auth.py", line 15, in hash_password
    return pwd_context.hash(password)
           ~~~~~~~~~~~~~~~~^^^^^^^^^^
  File "/home/mufutumari/Desktop/todo_app/.venv/lib/python3.13/site-packages/passlib/context.py", line 2258, in hash
    return record.hash(secret, **kwds)
           ~~~~~~~~~~~^^^^^^^^^^^^^^^^
  File "/home/mufutumari/Desktop/todo_app/.venv/lib/python3.13/site-packages/passlib/utils/handlers.py", line 779, in hash
    self.checksum = self._calc_checksum(secret)
                    ~~~~~~~~~~~~~~~~~~~^^^^^^^^
  File "/home/mufutumari/Desktop/todo_app/.venv/lib/python3.13/site-packages/passlib/handlers/bcrypt.py", line 591, in _calc_checksum
    self._stub_requires_backend()
    ~~~~~~~~~~~~~~~~~~~~~~~~~~~^^
  File "/home/mufutumari/Desktop/todo_app/.venv/lib/python3.13/site-packages/passlib/utils/handlers.py", line 2254, in _stub_requires_backend
    cls.set_backend()
    ~~~~~~~~~~~~~~~^^
  File "/home/mufutumari/Desktop/todo_app/.venv/lib/python3.13/site-packages/passlib/utils/handlers.py", line 2156, in set_backend
    return owner.set_backend(name, dryrun=dryrun)
           ~~~~~~~~~~~~~~~~~^^^^^^^^^^^^^^^^^^^^^
  File "/home/mufutumari/Desktop/todo_app/.venv/lib/python3.13/site-packages/passlib/utils/handlers.py", line 2163, in set_backend
    return cls.set_backend(name, dryrun=dryrun)
           ~~~~~~~~~~~~~~~^^^^^^^^^^^^^^^^^^^^^
  File "/home/mufutumari/Desktop/todo_app/.venv/lib/python3.13/site-packages/passlib/utils/handlers.py", line 2188, in set_backend
    cls._set_backend(name, dryrun)
    ~~~~~~~~~~~~~~~~^^^^^^^^^^^^^^
  File "/home/mufutumari/Desktop/todo_app/.venv/lib/python3.13/site-packages/passlib/utils/handlers.py", line 2311, in _set_backend
    super(SubclassBackendMixin, cls)._set_backend(name, dryrun)
    ~~~~~~~~~~~~~~~~~~~~~~~~~~~~~~~~~~~~~~~~~~~~~^^^^^^^^^^^^^^
  File "/home/mufutumari/Desktop/todo_app/.venv/lib/python3.13/site-packages/passlib/utils/handlers.py", line 2224, in _set_backend
    ok = loader(**kwds)
  File "/home/mufutumari/Desktop/todo_app/.venv/lib/python3.13/site-packages/passlib/handlers/bcrypt.py", line 626, in _load_backend_mixin
    return mixin_cls._finalize_backend_mixin(name, dryrun)
           ~~~~~~~~~~~~~~~~~~~~~~~~~~~~~~~~~^^^^^^^^^^^^^^
  File "/home/mufutumari/Desktop/todo_app/.venv/lib/python3.13/site-packages/passlib/handlers/bcrypt.py", line 421, in _finalize_backend_mixin
    if detect_wrap_bug(IDENT_2A):
       ~~~~~~~~~~~~~~~^^^^^^^^^^
  File "/home/mufutumari/Desktop/todo_app/.venv/lib/python3.13/site-packages/passlib/handlers/bcrypt.py", line 380, in detect_wrap_bug
    if verify(secret, bug_hash):
       ~~~~~~^^^^^^^^^^^^^^^^^^
  File "/home/mufutumari/Desktop/todo_app/.venv/lib/python3.13/site-packages/passlib/utils/handlers.py", line 792, in verify
    return consteq(self._calc_checksum(secret), chk)
                   ~~~~~~~~~~~~~~~~~~~^^^^^^^^
  File "/home/mufutumari/Desktop/todo_app/.venv/lib/python3.13/site-packages/passlib/handlers/bcrypt.py", line 655, in _calc_checksum
    hash = _bcrypt.hashpw(secret, config)
ValueError: password cannot be longer than 72 bytes, truncate manually if necessary (e.g. my_password[:72])
2026-05-01 21:12:27,173 - WARNING - Login failed (unknown user): demo_user
2026-05-01 21:12:27,174 - INFO - POST /login -> 401 (2ms)
2026-05-01 21:12:27,179 - WARNING - Protected access denied: malformed Authorization header
2026-05-01 21:12:27,179 - INFO - GET /protected -> 401 (1ms)
2026-05-01 21:12:27,183 - WARNING - Protected access denied: invalid token
2026-05-01 21:12:27,183 - INFO - GET /protected -> 401 (1ms)
2026-05-01 21:13:54,176 - INFO - User registered: demo_user
2026-05-01 21:13:54,177 - INFO - POST /register -> 200 (8ms)
2026-05-01 21:13:54,188 - INFO - User logged in: demo_user
2026-05-01 21:13:54,188 - INFO - POST /login -> 200 (9ms)
2026-05-01 21:13:54,192 - INFO - Protected access granted: demo_user
2026-05-01 21:13:54,192 - INFO - GET /protected -> 200 (1ms)
2026-05-01 21:13:54,194 - WARNING - Protected access denied: invalid token
2026-05-01 21:13:54,195 - INFO - GET /protected -> 401 (0ms)
2026-06-02 15:23:05,483 - INFO - OPTIONS /login -> 200 (0ms)
2026-06-02 15:23:05,494 - INFO - User logged in: Lessy
2026-06-02 15:23:05,494 - INFO - POST /login -> 200 (9ms)
2026-06-02 15:23:05,505 - INFO - OPTIONS /protected -> 200 (0ms)
2026-06-02 15:23:05,506 - INFO - OPTIONS /todos -> 200 (0ms)
2026-06-02 15:23:05,506 - INFO - OPTIONS /protected -> 200 (0ms)
2026-06-02 15:23:05,506 - INFO - OPTIONS /todos -> 200 (0ms)
2026-06-02 15:23:05,508 - INFO - Protected access granted: Lessy
2026-06-02 15:23:05,508 - INFO - GET /protected -> 200 (1ms)
2026-06-02 15:23:05,509 - INFO - Todos listed for: Lessy
2026-06-02 15:23:05,510 - INFO - GET /todos -> 200 (1ms)
2026-06-02 15:23:05,511 - INFO - Protected access granted: Lessy
2026-06-02 15:23:05,511 - INFO - GET /protected -> 200 (1ms)
2026-06-02 15:23:05,513 - INFO - Todos listed for: Lessy
2026-06-02 15:23:05,514 - INFO - GET /todos -> 200 (0ms)
2026-06-02 15:23:05,571 - INFO - 1 change detected
2026-06-02 15:23:05,921 - INFO - 1 change detected
2026-06-02 15:23:06,272 - INFO - 1 change detected
2026-06-02 15:23:06,623 - INFO - 1 change detected
2026-06-02 15:23:06,974 - INFO - 1 change detected
2026-06-02 15:23:07,325 - INFO - 1 change detected
2026-06-02 15:23:07,675 - INFO - 1 change detected
2026-06-02 15:23:08,026 - INFO - 1 change detected
2026-06-02 15:23:08,377 - INFO - 1 change detected
2026-06-02 15:23:08,728 - INFO - 1 change detected
2026-06-02 15:23:09,079 - INFO - 1 change detected
2026-06-02 15:23:09,430 - INFO - 1 change detected
2026-06-02 15:23:09,781 - INFO - 1 change detected
2026-06-02 15:23:10,132 - INFO - 1 change detected
2026-06-02 15:23:10,483 - INFO - 1 change detected
2026-06-02 15:23:10,834 - INFO - 1 change detected
2026-06-02 15:23:11,185 - INFO - 1 change detected
2026-06-02 15:23:11,536 - INFO - 1 change detected
2026-06-02 15:23:11,887 - INFO - 1 change detected
2026-06-02 15:23:12,238 - INFO - 1 change detected
2026-06-02 15:23:12,589 - INFO - 1 change detected
2026-06-02 15:23:12,940 - INFO - 1 change detected
2026-06-02 15:23:13,291 - INFO - 1 change detected
2026-06-02 15:23:13,642 - INFO - 1 change detected
2026-06-02 15:23:13,993 - INFO - 1 change detected
2026-06-02 15:23:14,344 - INFO - 1 change detected
2026-06-02 15:23:14,695 - INFO - 1 change detected
2026-06-02 15:23:15,046 - INFO - 1 change detected
2026-06-02 15:23:15,397 - INFO - 1 change detected
2026-06-02 15:23:15,748 - INFO - 1 change detected
2026-06-02 15:23:16,099 - INFO - 1 change detected
2026-06-02 15:23:16,450 - INFO - 1 change detected
2026-06-02 15:23:16,801 - INFO - 1 change detected
2026-06-02 15:23:17,152 - INFO - 1 change detected
2026-06-02 15:23:17,503 - INFO - 1 change detected
2026-06-02 15:23:17,854 - INFO - 1 change detected
2026-06-02 15:23:18,205 - INFO - 1 change detected
2026-06-02 15:23:18,556 - INFO - 1 change detected
2026-06-02 15:23:18,907 - INFO - 1 change detected
2026-06-02 15:23:19,258 - INFO - 1 change detected
2026-06-02 15:23:19,609 - INFO - 1 change detected
2026-06-02 15:23:19,960 - INFO - 1 change detected
2026-06-02 15:23:20,311 - INFO - 1 change detected
2026-06-02 15:23:20,662 - INFO - 1 change detected
2026-06-02 15:23:21,013 - INFO - 1 change detected
2026-06-02 15:23:21,364 - INFO - 1 change detected
2026-06-02 15:23:21,714 - INFO - 1 change detected
2026-06-02 15:23:22,065 - INFO - 1 change detected
2026-06-02 15:23:22,416 - INFO - 1 change detected
2026-06-02 15:23:22,766 - INFO - 1 change detected
2026-06-02 15:23:23,117 - INFO - 1 change detected
2026-06-02 15:23:23,468 - INFO - 1 change detected
2026-06-02 15:23:23,818 - INFO - 1 change detected
2026-06-02 15:23:24,169 - INFO - 1 change detected
2026-06-02 15:23:24,520 - INFO - 1 change detected
2026-06-02 15:23:24,871 - INFO - 1 change detected
2026-06-02 15:23:25,222 - INFO - 1 change detected
2026-06-02 15:23:25,572 - INFO - 1 change detected
2026-06-02 15:23:25,923 - INFO - 1 change detected
2026-06-02 15:23:26,274 - INFO - 1 change detected
2026-06-02 15:23:26,625 - INFO - 1 change detected
2026-06-02 15:23:26,976 - INFO - 1 change detected
2026-06-02 15:23:27,327 - INFO - 1 change detected
2026-06-02 15:23:27,678 - INFO - 1 change detected
2026-06-02 15:23:28,029 - INFO - 1 change detected
2026-06-02 15:23:28,380 - INFO - 1 change detected
2026-06-02 15:23:28,731 - INFO - 1 change detected
2026-06-02 15:23:29,082 - INFO - 1 change detected
2026-06-02 15:23:29,432 - INFO - 1 change detected
2026-06-02 15:23:29,784 - INFO - 1 change detected
2026-06-02 15:23:30,134 - INFO - 1 change detected
2026-06-02 15:23:30,485 - INFO - 1 change detected
2026-06-02 15:23:30,836 - INFO - 1 change detected
2026-06-02 15:23:31,187 - INFO - 1 change detected
2026-06-02 15:23:31,538 - INFO - 1 change detected
2026-06-02 15:23:31,889 - INFO - 1 change detected
2026-06-02 15:23:32,240 - INFO - 1 change detected
2026-06-02 15:23:32,591 - INFO - 1 change detected
2026-06-02 15:23:32,942 - INFO - 1 change detected
2026-06-02 15:23:33,293 - INFO - 1 change detected
2026-06-02 15:23:33,644 - INFO - 1 change detected
2026-06-02 15:23:33,994 - INFO - 1 change detected
2026-06-02 15:23:34,345 - INFO - 1 change detected
2026-06-02 15:23:34,696 - INFO - 1 change detected
2026-06-02 15:23:35,047 - INFO - 1 change detected
2026-06-02 15:23:35,398 - INFO - 1 change detected
2026-06-02 15:23:35,749 - INFO - 1 change detected
2026-06-02 15:23:36,100 - INFO - 1 change detected
2026-06-02 15:23:36,451 - INFO - 1 change detected
2026-06-02 15:23:36,802 - INFO - 1 change detected
2026-06-02 15:23:37,152 - INFO - 1 change detected
2026-06-02 15:23:37,503 - INFO - 1 change detected
2026-06-02 15:23:37,854 - INFO - 1 change detected
2026-06-02 15:23:38,205 - INFO - 1 change detected
2026-06-02 15:23:38,555 - INFO - 1 change detected
2026-06-02 15:23:38,906 - INFO - 1 change detected
2026-06-02 15:23:39,257 - INFO - 1 change detected
2026-06-02 15:23:39,608 - INFO - 1 change detected
2026-06-02 15:23:39,958 - INFO - 1 change detected
2026-06-02 15:23:40,309 - INFO - 1 change detected
2026-06-02 15:23:40,660 - INFO - 1 change detected
2026-06-02 15:23:41,011 - INFO - 1 change detected
2026-06-02 15:23:41,362 - INFO - 1 change detected
2026-06-02 15:23:41,713 - INFO - 1 change detected
2026-06-02 15:23:42,064 - INFO - 1 change detected
2026-06-02 15:23:42,415 - INFO - 1 change detected
2026-06-02 15:23:42,765 - INFO - 1 change detected
2026-06-02 15:23:43,116 - INFO - 1 change detected
2026-06-02 15:23:43,467 - INFO - 1 change detected
2026-06-02 15:23:43,818 - INFO - 1 change detected
2026-06-02 15:23:44,169 - INFO - 1 change detected
2026-06-02 15:23:44,520 - INFO - 1 change detected
2026-06-02 15:23:44,871 - INFO - 1 change detected
2026-06-02 15:23:45,221 - INFO - 1 change detected
2026-06-02 15:23:45,572 - INFO - 1 change detected
2026-06-02 15:23:45,923 - INFO - 1 change detected
2026-06-02 15:23:46,274 - INFO - 1 change detected
2026-06-02 15:23:46,625 - INFO - 1 change detected
2026-06-02 15:23:46,976 - INFO - 1 change detected
2026-06-02 15:23:47,327 - INFO - 1 change detected
2026-06-02 15:23:47,678 - INFO - 1 change detected
2026-06-02 15:23:48,028 - INFO - 1 change detected
2026-06-02 15:23:48,379 - INFO - 1 change detected
2026-06-02 15:23:48,730 - INFO - 1 change detected
2026-06-02 15:23:49,081 - INFO - 1 change detected
2026-06-02 15:23:49,432 - INFO - 1 change detected
2026-06-02 15:23:49,783 - INFO - 1 change detected
2026-06-02 15:23:50,134 - INFO - 1 change detected
2026-06-02 15:23:50,485 - INFO - 1 change detected
2026-06-02 15:23:50,835 - INFO - 1 change detected
2026-06-02 15:23:51,186 - INFO - 1 change detected
2026-06-02 15:23:51,537 - INFO - 1 change detected
2026-06-02 15:23:51,888 - INFO - 1 change detected
2026-06-02 15:23:52,239 - INFO - 1 change detected
2026-06-02 15:23:52,590 - INFO - 1 change detected
2026-06-02 15:23:52,941 - INFO - 1 change detected
2026-06-02 15:23:53,291 - INFO - 1 change detected
2026-06-02 15:23:53,642 - INFO - 1 change detected
2026-06-02 15:23:53,993 - INFO - 1 change detected
2026-06-02 15:23:54,344 - INFO - 1 change detected
2026-06-02 15:23:54,695 - INFO - 1 change detected
2026-06-02 15:23:55,046 - INFO - 1 change detected
2026-06-02 15:23:55,397 - INFO - 1 change detected
2026-06-02 15:23:55,748 - INFO - 1 change detected
2026-06-02 15:23:56,098 - INFO - 1 change detected
2026-06-02 15:23:56,449 - INFO - 1 change detected
2026-06-02 15:23:56,800 - INFO - 1 change detected
2026-06-02 15:23:57,151 - INFO - 1 change detected
2026-06-02 15:23:57,502 - INFO - 1 change detected
2026-06-02 15:23:57,853 - INFO - 1 change detected
2026-06-02 15:23:58,203 - INFO - 1 change detected
2026-06-02 15:23:58,554 - INFO - 1 change detected
2026-06-02 15:23:58,905 - INFO - 1 change detected
2026-06-02 15:23:59,256 - INFO - 1 change detected
2026-06-02 15:23:59,607 - INFO - 1 change detected
2026-06-02 15:23:59,958 - INFO - 1 change detected
2026-06-02 15:24:00,309 - INFO - 1 change detected
2026-06-02 15:24:00,660 - INFO - 1 change detected
2026-06-02 15:24:01,011 - INFO - 1 change detected
2026-06-02 15:24:01,361 - INFO - 1 change detected
2026-06-02 15:24:01,712 - INFO - 1 change detected
2026-06-02 15:24:02,063 - INFO - 1 change detected
2026-06-02 15:24:02,414 - INFO - 1 change detected
2026-06-02 15:24:02,765 - INFO - 1 change detected
2026-06-02 15:24:03,116 - INFO - 1 change detected
2026-06-02 15:24:03,467 - INFO - 1 change detected
2026-06-02 15:24:03,818 - INFO - 1 change detected
2026-06-02 15:24:04,169 - INFO - 1 change detected
2026-06-02 15:24:04,520 - INFO - 1 change detected
2026-06-02 15:24:04,871 - INFO - 1 change detected
2026-06-02 15:24:05,222 - INFO - 1 change detected
2026-06-02 15:24:05,573 - INFO - 1 change detected
2026-06-02 15:24:05,923 - INFO - 1 change detected
2026-06-02 15:24:06,275 - INFO - 1 change detected
2026-06-02 15:24:06,625 - INFO - 1 change detected
2026-06-02 15:24:06,976 - INFO - 1 change detected
2026-06-02 15:24:07,327 - INFO - 1 change detected
2026-06-02 15:24:07,678 - INFO - 1 change detected
2026-06-02 15:24:08,029 - INFO - 1 change detected
2026-06-02 15:24:08,380 - INFO - 1 change detected
2026-06-02 15:24:08,731 - INFO - 1 change detected
2026-06-02 15:24:09,082 - INFO - 1 change detected
2026-06-02 15:24:09,433 - INFO - 1 change detected
2026-06-02 15:24:09,784 - INFO - 1 change detected
2026-06-02 15:24:10,135 - INFO - 1 change detected
2026-06-02 15:24:10,486 - INFO - 1 change detected
2026-06-02 15:24:10,837 - INFO - 1 change detected
2026-06-02 15:24:11,188 - INFO - 1 change detected
2026-06-02 15:24:11,539 - INFO - 1 change detected
2026-06-02 15:24:11,890 - INFO - 1 change detected
2026-06-02 15:24:12,241 - INFO - 1 change detected
2026-06-02 15:24:12,592 - INFO - 1 change detected
2026-06-02 15:24:12,942 - INFO - 1 change detected
2026-06-02 15:24:13,293 - INFO - 1 change detected
2026-06-02 15:24:13,644 - INFO - 1 change detected
2026-06-02 15:24:13,995 - INFO - 1 change detected
2026-06-02 15:24:14,346 - INFO - 1 change detected
2026-06-02 15:24:14,697 - INFO - 1 change detected
2026-06-02 15:24:15,048 - INFO - 1 change detected
2026-06-02 15:24:15,399 - INFO - 1 change detected
2026-06-02 15:24:15,750 - INFO - 1 change detected
2026-06-02 15:24:16,100 - INFO - 1 change detected
2026-06-02 15:24:16,451 - INFO - 1 change detected
2026-06-02 15:24:16,802 - INFO - 1 change detected
2026-06-02 15:24:17,153 - INFO - 1 change detected
2026-06-02 15:24:17,504 - INFO - 1 change detected
2026-06-02 15:24:17,855 - INFO - 1 change detected
2026-06-02 15:24:18,205 - INFO - 1 change detected
2026-06-02 15:24:18,556 - INFO - 1 change detected
2026-06-02 15:24:18,907 - INFO - 1 change detected
2026-06-02 15:24:19,258 - INFO - 1 change detected
2026-06-02 15:24:19,609 - INFO - 1 change detected
2026-06-02 15:24:19,960 - INFO - 1 change detected
2026-06-02 15:24:20,311 - INFO - 1 change detected
2026-06-02 15:24:20,662 - INFO - 1 change detected
2026-06-02 15:24:21,012 - INFO - 1 change detected
2026-06-02 15:24:21,363 - INFO - 1 change detected
2026-06-02 15:24:21,715 - INFO - 1 change detected
2026-06-02 15:24:22,065 - INFO - 1 change detected
2026-06-02 15:24:22,416 - INFO - 1 change detected
2026-06-02 15:24:22,767 - INFO - 1 change detected
2026-06-02 15:24:23,118 - INFO - 1 change detected
2026-06-02 15:24:23,469 - INFO - 1 change detected
2026-06-02 15:24:23,820 - INFO - 1 change detected
2026-06-02 15:24:24,170 - INFO - 1 change detected
2026-06-02 15:24:24,521 - INFO - 1 change detected
2026-06-02 15:24:24,872 - INFO - 1 change detected
2026-06-02 15:24:25,223 - INFO - 1 change detected
2026-06-02 15:24:25,574 - INFO - 1 change detected
2026-06-02 15:24:25,925 - INFO - 1 change detected
2026-06-02 15:24:26,276 - INFO - 1 change detected
2026-06-02 15:24:26,627 - INFO - 1 change detected
2026-06-02 15:24:26,978 - INFO - 1 change detected
2026-06-02 15:24:27,329 - INFO - 1 change detected
2026-06-02 15:24:27,680 - INFO - 1 change detected
2026-06-02 15:24:28,031 - INFO - 1 change detected
2026-06-02 15:24:28,382 - INFO - 1 change detected
2026-06-02 15:24:28,733 - INFO - 1 change detected
2026-06-02 15:24:29,084 - INFO - 1 change detected
2026-06-02 15:24:29,434 - INFO - 1 change detected
2026-06-02 15:24:29,785 - INFO - 1 change detected
2026-06-02 15:24:30,136 - INFO - 1 change detected
2026-06-02 15:24:30,487 - INFO - 1 change detected
2026-06-02 15:24:30,838 - INFO - 1 change detected
2026-06-02 15:24:31,188 - INFO - 1 change detected
2026-06-02 15:24:31,539 - INFO - 1 change detected
2026-06-02 15:24:31,890 - INFO - 1 change detected
2026-06-02 15:24:32,241 - INFO - 1 change detected
2026-06-02 15:24:32,592 - INFO - 1 change detected
2026-06-02 15:24:32,943 - INFO - 1 change detected
2026-06-02 15:24:33,294 - INFO - 1 change detected
2026-06-02 15:24:33,645 - INFO - 1 change detected
2026-06-02 15:24:33,996 - INFO - 1 change detected
2026-06-02 15:24:34,347 - INFO - 1 change detected
2026-06-02 15:24:34,697 - INFO - 1 change detected
2026-06-02 15:24:35,048 - INFO - 1 change detected
2026-06-02 15:24:35,399 - INFO - 1 change detected
2026-06-02 15:24:35,750 - INFO - 1 change detected
2026-06-02 15:24:36,101 - INFO - 1 change detected
2026-06-02 15:24:36,452 - INFO - 1 change detected
2026-06-02 15:24:36,802 - INFO - 1 change detected
2026-06-02 15:24:37,153 - INFO - 1 change detected
2026-06-02 15:24:37,504 - INFO - 1 change detected
2026-06-02 15:24:37,854 - INFO - 1 change detected
2026-06-02 15:24:38,205 - INFO - 1 change detected
2026-06-02 15:24:38,556 - INFO - 1 change detected
2026-06-02 15:24:38,907 - INFO - 1 change detected
2026-06-02 15:24:39,258 - INFO - 1 change detected
2026-06-02 15:24:39,609 - INFO - 1 change detected
2026-06-02 15:24:39,960 - INFO - 1 change detected
2026-06-02 15:24:40,311 - INFO - 1 change detected
2026-06-02 15:24:40,662 - INFO - 1 change detected
2026-06-02 15:24:41,013 - INFO - 1 change detected
2026-06-02 15:24:41,364 - INFO - 1 change detected
2026-06-02 15:24:41,715 - INFO - 1 change detected
2026-06-02 15:24:42,066 - INFO - 1 change detected
2026-06-02 15:24:42,417 - INFO - 1 change detected
2026-06-02 15:24:42,768 - INFO - 1 change detected
2026-06-02 15:24:43,119 - INFO - 1 change detected
2026-06-02 15:24:43,470 - INFO - 1 change detected
2026-06-02 15:24:43,821 - INFO - 1 change detected
2026-06-02 15:24:44,172 - INFO - 1 change detected
2026-06-02 15:24:44,522 - INFO - 1 change detected
2026-06-02 15:24:44,873 - INFO - 1 change detected
2026-06-02 15:24:45,224 - INFO - 1 change detected
2026-06-02 15:24:45,575 - INFO - 1 change detected
2026-06-02 15:24:45,926 - INFO - 1 change detected
2026-06-02 15:24:46,277 - INFO - 1 change detected
2026-06-02 15:24:46,628 - INFO - 1 change detected
2026-06-02 15:24:46,979 - INFO - 1 change detected
2026-06-02 15:24:47,330 - INFO - 1 change detected
2026-06-02 15:24:47,681 - INFO - 1 change detected
2026-06-02 15:24:48,031 - INFO - 1 change detected
2026-06-02 15:24:48,382 - INFO - 1 change detected
2026-06-02 15:24:48,733 - INFO - 1 change detected
2026-06-02 15:24:49,084 - INFO - 1 change detected
2026-06-02 15:24:49,434 - INFO - 1 change detected
2026-06-02 15:24:49,785 - INFO - 1 change detected
2026-06-02 15:24:50,136 - INFO - 1 change detected
2026-06-02 15:24:50,487 - INFO - 1 change detected
2026-06-02 15:24:50,838 - INFO - 1 change detected
2026-06-02 15:24:51,188 - INFO - 1 change detected
2026-06-02 15:24:51,539 - INFO - 1 change detected
2026-06-02 15:24:51,890 - INFO - 1 change detected
2026-06-02 15:24:52,241 - INFO - 1 change detected
2026-06-02 15:24:52,592 - INFO - 1 change detected
2026-06-02 15:24:52,943 - INFO - 1 change detected
2026-06-02 15:24:53,294 - INFO - 1 change detected
2026-06-02 15:24:53,645 - INFO - 1 change detected
2026-06-02 15:24:53,996 - INFO - 1 change detected
2026-06-02 15:24:54,347 - INFO - 1 change detected
2026-06-02 15:24:54,698 - INFO - 1 change detected
2026-06-02 15:24:55,049 - INFO - 1 change detected
2026-06-02 15:24:55,400 - INFO - 1 change detected
2026-06-02 15:24:55,751 - INFO - 1 change detected
2026-06-02 15:24:56,101 - INFO - 1 change detected
2026-06-02 15:24:56,452 - INFO - 1 change detected
2026-06-02 15:24:56,803 - INFO - 1 change detected
2026-06-02 15:24:57,153 - INFO - 1 change detected
2026-06-02 15:24:57,504 - INFO - 1 change detected
2026-06-02 15:24:57,855 - INFO - 1 change detected
2026-06-02 15:24:58,206 - INFO - 1 change detected
2026-06-02 15:24:58,557 - INFO - 1 change detected
2026-06-02 15:24:58,907 - INFO - 1 change detected
2026-06-02 15:24:59,258 - INFO - 1 change detected
2026-06-02 15:24:59,609 - INFO - 1 change detected
2026-06-02 15:24:59,960 - INFO - 1 change detected
2026-06-02 15:25:00,311 - INFO - 1 change detected
2026-06-02 15:25:00,662 - INFO - 1 change detected
2026-06-02 15:25:01,012 - INFO - 1 change detected
2026-06-02 15:25:01,363 - INFO - 1 change detected
2026-06-02 15:25:01,714 - INFO - 1 change detected
2026-06-02 15:25:02,065 - INFO - 1 change detected
2026-06-02 15:25:02,416 - INFO - 1 change detected
2026-06-02 15:25:02,766 - INFO - 1 change detected
2026-06-02 15:25:03,117 - INFO - 1 change detected
2026-06-02 15:25:03,468 - INFO - 1 change detected
2026-06-02 15:25:03,819 - INFO - 1 change detected
2026-06-02 15:25:04,170 - INFO - 1 change detected
2026-06-02 15:25:04,521 - INFO - 1 change detected
2026-06-02 15:25:04,872 - INFO - 1 change detected
2026-06-02 15:25:05,223 - INFO - 1 change detected
2026-06-02 15:25:05,573 - INFO - 1 change detected
2026-06-02 15:25:05,924 - INFO - 1 change detected
2026-06-02 15:25:06,275 - INFO - 1 change detected
2026-06-02 15:25:06,626 - INFO - 1 change detected
2026-06-02 15:25:06,977 - INFO - 1 change detected
2026-06-02 15:25:07,328 - INFO - 1 change detected
2026-06-02 15:25:07,679 - INFO - 1 change detected
2026-06-02 15:25:08,029 - INFO - 1 change detected
2026-06-02 15:25:08,380 - INFO - 1 change detected
2026-06-02 15:25:08,731 - INFO - 1 change detected
2026-06-02 15:25:09,082 - INFO - 1 change detected
2026-06-02 15:25:09,432 - INFO - 1 change detected
2026-06-02 15:25:09,783 - INFO - 1 change detected
2026-06-02 15:25:10,133 - INFO - 1 change detected
2026-06-02 15:25:10,484 - INFO - 1 change detected
2026-06-02 15:25:10,835 - INFO - 1 change detected
2026-06-02 15:25:11,185 - INFO - 1 change detected
2026-06-02 15:25:11,536 - INFO - 1 change detected
2026-06-02 15:25:11,887 - INFO - 1 change detected
2026-06-02 15:25:12,237 - INFO - 1 change detected
2026-06-02 15:25:12,588 - INFO - 1 change detected
2026-06-02 15:25:12,939 - INFO - 1 change detected
2026-06-02 15:25:13,289 - INFO - 1 change detected
2026-06-02 15:25:13,640 - INFO - 1 change detected
2026-06-02 15:25:13,990 - INFO - 1 change detected
2026-06-02 15:25:14,341 - INFO - 1 change detected
2026-06-02 15:25:14,692 - INFO - 1 change detected
2026-06-02 15:25:15,043 - INFO - 1 change detected
2026-06-02 15:25:15,394 - INFO - 1 change detected
2026-06-02 15:25:15,744 - INFO - 1 change detected
2026-06-02 15:25:16,095 - INFO - 1 change detected
2026-06-02 15:25:16,446 - INFO - 1 change detected
2026-06-02 15:25:16,797 - INFO - 1 change detected
2026-06-02 15:25:17,147 - INFO - 1 change detected
2026-06-02 15:25:17,498 - INFO - 1 change detected
2026-06-02 15:25:17,849 - INFO - 1 change detected
2026-06-02 15:25:18,200 - INFO - 1 change detected
2026-06-02 15:25:18,550 - INFO - 1 change detected
2026-06-02 15:25:18,901 - INFO - 1 change detected
2026-06-02 15:25:19,252 - INFO - 1 change detected
2026-06-02 15:25:19,602 - INFO - 1 change detected
2026-06-02 15:25:19,953 - INFO - 1 change detected
2026-06-02 15:25:20,304 - INFO - 1 change detected
2026-06-02 15:25:20,654 - INFO - 1 change detected
2026-06-02 15:25:21,005 - INFO - 1 change detected
2026-06-02 15:25:21,355 - INFO - 1 change detected
2026-06-02 15:25:21,706 - INFO - 1 change detected
2026-06-02 15:25:22,057 - INFO - 1 change detected
2026-06-02 15:25:22,407 - INFO - 1 change detected
2026-06-02 15:25:22,758 - INFO - 1 change detected
2026-06-02 15:25:23,109 - INFO - 1 change detected
2026-06-02 15:25:23,460 - INFO - 1 change detected
2026-06-02 15:25:23,811 - INFO - 1 change detected
2026-06-02 15:25:24,161 - INFO - 1 change detected
2026-06-02 15:25:24,512 - INFO - 1 change detected
2026-06-02 15:25:24,863 - INFO - 1 change detected
2026-06-02 15:25:25,214 - INFO - 1 change detected
2026-06-02 15:25:25,565 - INFO - 1 change detected
2026-06-02 15:25:25,916 - INFO - 1 change detected
2026-06-02 15:25:26,267 - INFO - 1 change detected
2026-06-02 15:25:26,617 - INFO - 1 change detected
2026-06-02 15:25:26,968 - INFO - 1 change detected
2026-06-02 15:25:27,319 - INFO - 1 change detected
2026-06-02 15:25:27,669 - INFO - 1 change detected
2026-06-02 15:25:28,021 - INFO - 1 change detected
2026-06-02 15:25:28,372 - INFO - 1 change detected
2026-06-02 15:25:28,723 - INFO - 1 change detected
2026-06-02 15:25:29,073 - INFO - 1 change detected
2026-06-02 15:25:29,424 - INFO - 1 change detected
2026-06-02 15:25:29,775 - INFO - 1 change detected
2026-06-02 15:25:30,126 - INFO - 1 change detected
2026-06-02 15:25:30,476 - INFO - 1 change detected
2026-06-02 15:25:30,827 - INFO - 1 change detected
2026-06-02 15:25:31,178 - INFO - 1 change detected
2026-06-02 15:25:31,528 - INFO - 1 change detected
2026-06-02 15:25:31,879 - INFO - 1 change detected
2026-06-02 15:25:32,230 - INFO - 1 change detected
2026-06-02 15:25:32,581 - INFO - 1 change detected
2026-06-02 15:25:32,931 - INFO - 1 change detected
2026-06-02 15:25:33,282 - INFO - 1 change detected
2026-06-02 15:25:33,632 - INFO - 1 change detected
2026-06-02 15:25:33,983 - INFO - 1 change detected
2026-06-02 15:25:34,334 - INFO - 1 change detected
2026-06-02 15:25:34,685 - INFO - 1 change detected
2026-06-02 15:25:35,035 - INFO - 1 change detected
2026-06-02 15:25:35,386 - INFO - 1 change detected
2026-06-02 15:25:35,737 - INFO - 1 change detected
2026-06-02 15:25:36,087 - INFO - 1 change detected
2026-06-02 15:25:36,438 - INFO - 1 change detected
2026-06-02 15:25:36,789 - INFO - 1 change detected
2026-06-02 15:25:37,140 - INFO - 1 change detected
2026-06-02 15:25:37,491 - INFO - 1 change detected
2026-06-02 15:25:37,841 - INFO - 1 change detected
2026-06-02 15:25:38,192 - INFO - 1 change detected
2026-06-02 15:25:38,543 - INFO - 1 change detected
2026-06-02 15:25:38,894 - INFO - 1 change detected
2026-06-02 15:25:39,245 - INFO - 1 change detected
2026-06-02 15:25:39,596 - INFO - 1 change detected
2026-06-02 15:25:39,946 - INFO - 1 change detected
2026-06-02 15:25:40,297 - INFO - 1 change detected
2026-06-02 15:25:40,648 - INFO - 1 change detected
2026-06-02 15:25:40,998 - INFO - 1 change detected
2026-06-02 15:25:41,352 - INFO - 1 change detected
2026-06-02 15:25:41,702 - INFO - 1 change detected
2026-06-02 15:25:42,053 - INFO - 1 change detected
2026-06-02 15:25:42,404 - INFO - 1 change detected
2026-06-02 15:25:42,755 - INFO - 1 change detected
2026-06-02 15:25:43,106 - INFO - 1 change detected
2026-06-02 15:25:43,457 - INFO - 1 change detected
2026-06-02 15:25:43,807 - INFO - 1 change detected
2026-06-02 15:25:44,158 - INFO - 1 change detected
2026-06-02 15:25:44,509 - INFO - 1 change detected
2026-06-02 15:25:44,860 - INFO - 1 change detected
2026-06-02 15:25:45,211 - INFO - 1 change detected
2026-06-02 15:25:45,562 - INFO - 1 change detected
2026-06-02 15:25:45,913 - INFO - 1 change detected
2026-06-02 15:25:46,263 - INFO - 1 change detected
2026-06-02 15:25:46,614 - INFO - 1 change detected
2026-06-02 15:25:46,965 - INFO - 1 change detected
2026-06-02 15:25:47,316 - INFO - 1 change detected
2026-06-02 15:25:47,667 - INFO - 1 change detected
2026-06-02 15:25:48,017 - INFO - 1 change detected
2026-06-02 15:25:48,368 - INFO - 1 change detected
2026-06-02 15:25:48,719 - INFO - 1 change detected
2026-06-02 15:25:49,069 - INFO - 1 change detected
2026-06-02 15:25:49,420 - INFO - 1 change detected
2026-06-02 15:25:49,771 - INFO - 1 change detected
2026-06-02 15:25:50,122 - INFO - 1 change detected
2026-06-02 15:25:50,473 - INFO - 1 change detected
2026-06-02 15:25:50,823 - INFO - 1 change detected
2026-06-02 15:25:51,174 - INFO - 1 change detected
2026-06-02 15:25:51,525 - INFO - 1 change detected
2026-06-02 15:25:51,876 - INFO - 1 change detected
2026-06-02 15:25:52,227 - INFO - 1 change detected
2026-06-02 15:25:52,578 - INFO - 1 change detected
2026-06-02 15:25:52,928 - INFO - 1 change detected
2026-06-02 15:25:53,280 - INFO - 1 change detected
2026-06-02 15:25:53,630 - INFO - 1 change detected
2026-06-02 15:25:53,981 - INFO - 1 change detected
2026-06-02 15:25:54,332 - INFO - 1 change detected
2026-06-02 15:25:54,683 - INFO - 1 change detected
2026-06-02 15:25:55,033 - INFO - 1 change detected
2026-06-02 15:25:55,384 - INFO - 1 change detected
2026-06-02 15:25:55,735 - INFO - 1 change detected
2026-06-02 15:25:56,086 - INFO - 1 change detected
2026-06-02 15:25:56,436 - INFO - 1 change detected
2026-06-02 15:25:56,788 - INFO - 1 change detected
2026-06-02 15:25:57,138 - INFO - 1 change detected
2026-06-02 15:25:57,489 - INFO - 1 change detected
2026-06-02 15:25:57,840 - INFO - 1 change detected
2026-06-02 15:25:58,191 - INFO - 1 change detected
2026-06-02 15:25:58,542 - INFO - 1 change detected
2026-06-02 15:25:58,893 - INFO - 1 change detected
2026-06-02 15:25:59,244 - INFO - 1 change detected
2026-06-02 15:25:59,594 - INFO - 1 change detected
2026-06-02 15:25:59,945 - INFO - 1 change detected
2026-06-02 15:26:00,296 - INFO - 1 change detected
2026-06-02 15:26:00,647 - INFO - 1 change detected
2026-06-02 15:26:00,997 - INFO - 1 change detected
2026-06-02 15:26:01,348 - INFO - 1 change detected
2026-06-02 15:26:01,699 - INFO - 1 change detected
2026-06-02 15:26:02,050 - INFO - 1 change detected
2026-06-02 15:26:02,401 - INFO - 1 change detected
2026-06-02 15:26:02,751 - INFO - 1 change detected
2026-06-02 15:26:03,102 - INFO - 1 change detected
2026-06-02 15:26:03,453 - INFO - 1 change detected
2026-06-02 15:26:03,804 - INFO - 1 change detected
2026-06-02 15:26:04,155 - INFO - 1 change detected
2026-06-02 15:26:04,506 - INFO - 1 change detected
2026-06-02 15:26:04,856 - INFO - 1 change detected
2026-06-02 15:26:05,207 - INFO - 1 change detected
2026-06-02 15:26:05,558 - INFO - 1 change detected
2026-06-02 15:26:05,909 - INFO - 1 change detected
2026-06-02 15:26:06,260 - INFO - 1 change detected
2026-06-02 15:26:06,611 - INFO - 1 change detected
2026-06-02 15:26:06,962 - INFO - 1 change detected
2026-06-02 15:26:07,313 - INFO - 1 change detected
2026-06-02 15:26:07,664 - INFO - 1 change detected
2026-06-02 15:26:08,015 - INFO - 1 change detected
2026-06-02 15:26:08,366 - INFO - 1 change detected
2026-06-02 15:26:08,717 - INFO - 1 change detected
2026-06-02 15:26:09,068 - INFO - 1 change detected
2026-06-02 15:26:09,419 - INFO - 1 change detected
2026-06-02 15:26:09,770 - INFO - 1 change detected
2026-06-02 15:26:10,121 - INFO - 1 change detected
2026-06-02 15:26:10,472 - INFO - 1 change detected
2026-06-02 15:26:10,823 - INFO - 1 change detected
2026-06-02 15:26:11,173 - INFO - 1 change detected
2026-06-02 15:26:11,524 - INFO - 1 change detected
2026-06-02 15:26:11,875 - INFO - 1 change detected
2026-06-02 15:26:12,226 - INFO - 1 change detected
2026-06-02 15:26:12,577 - INFO - 1 change detected
2026-06-02 15:26:12,928 - INFO - 1 change detected
2026-06-02 15:26:13,279 - INFO - 1 change detected
2026-06-02 15:26:13,630 - INFO - 1 change detected
2026-06-02 15:26:13,981 - INFO - 1 change detected
2026-06-02 15:26:14,332 - INFO - 1 change detected
2026-06-02 15:26:14,683 - INFO - 1 change detected
2026-06-02 15:26:15,034 - INFO - 1 change detected
2026-06-02 15:26:15,385 - INFO - 1 change detected
2026-06-02 15:26:15,736 - INFO - 1 change detected
2026-06-02 15:26:16,087 - INFO - 1 change detected
2026-06-02 15:26:16,437 - INFO - 1 change detected
2026-06-02 15:26:16,788 - INFO - 1 change detected
2026-06-02 15:26:17,139 - INFO - 1 change detected
2026-06-02 15:26:17,490 - INFO - 1 change detected
2026-06-02 15:26:17,841 - INFO - 1 change detected
2026-06-02 15:26:18,192 - INFO - 1 change detected
2026-06-02 15:26:18,543 - INFO - 1 change detected
2026-06-02 15:26:18,894 - INFO - 1 change detected
2026-06-02 15:26:19,245 - INFO - 1 change detected
2026-06-02 15:26:19,596 - INFO - 1 change detected
2026-06-02 15:26:19,947 - INFO - 1 change detected
2026-06-02 15:26:20,298 - INFO - 1 change detected
2026-06-02 15:26:20,649 - INFO - 1 change detected
2026-06-02 15:26:21,000 - INFO - 1 change detected
2026-06-02 15:26:21,351 - INFO - 1 change detected
2026-06-02 15:26:21,702 - INFO - 1 change detected
2026-06-02 15:26:22,052 - INFO - 1 change detected
2026-06-02 15:26:22,403 - INFO - 1 change detected
2026-06-02 15:26:22,754 - INFO - 1 change detected
2026-06-02 15:26:23,105 - INFO - 1 change detected
2026-06-02 15:26:23,456 - INFO - 1 change detected
2026-06-02 15:26:23,807 - INFO - 1 change detected
2026-06-02 15:26:24,158 - INFO - 1 change detected
2026-06-02 15:26:24,509 - INFO - 1 change detected
2026-06-02 15:26:24,860 - INFO - 1 change detected
2026-06-02 15:26:25,211 - INFO - 1 change detected
2026-06-02 15:26:25,562 - INFO - 1 change detected
2026-06-02 15:26:25,913 - INFO - 1 change detected
2026-06-02 15:26:26,264 - INFO - 1 change detected
2026-06-02 15:26:26,615 - INFO - 1 change detected
2026-06-02 15:26:26,966 - INFO - 1 change detected
2026-06-02 15:26:27,317 - INFO - 1 change detected
2026-06-02 15:26:27,667 - INFO - 1 change detected
2026-06-02 15:26:28,018 - INFO - 1 change detected
2026-06-02 15:26:28,369 - INFO - 1 change detected
2026-06-02 15:26:28,720 - INFO - 1 change detected
2026-06-02 15:26:29,071 - INFO - 1 change detected
2026-06-02 15:26:29,423 - INFO - 1 change detected
2026-06-02 15:26:29,774 - INFO - 1 change detected
2026-06-02 15:26:30,124 - INFO - 1 change detected
2026-06-02 15:26:30,476 - INFO - 1 change detected
2026-06-02 15:26:30,826 - INFO - 1 change detected
2026-06-02 15:26:31,177 - INFO - 1 change detected
2026-06-02 15:26:31,528 - INFO - 1 change detected
2026-06-02 15:26:31,880 - INFO - 1 change detected
2026-06-02 15:26:32,230 - INFO - 1 change detected
2026-06-02 15:26:32,581 - INFO - 1 change detected
2026-06-02 15:26:32,933 - INFO - 1 change detected
2026-06-02 15:26:33,283 - INFO - 1 change detected
2026-06-02 15:26:33,635 - INFO - 1 change detected
2026-06-02 15:26:33,986 - INFO - 1 change detected
2026-06-02 15:26:34,337 - INFO - 1 change detected
2026-06-02 15:26:34,688 - INFO - 1 change detected
2026-06-02 15:26:35,038 - INFO - 1 change detected
2026-06-02 15:26:35,389 - INFO - 1 change detected
2026-06-02 15:26:35,740 - INFO - 1 change detected
2026-06-02 15:26:36,091 - INFO - 1 change detected
2026-06-02 15:26:36,441 - INFO - 1 change detected
2026-06-02 15:26:36,792 - INFO - 1 change detected
2026-06-02 15:26:37,143 - INFO - 1 change detected
2026-06-02 15:26:37,494 - INFO - 1 change detected
2026-06-02 15:26:37,845 - INFO - 1 change detected
2026-06-02 15:26:38,197 - INFO - 1 change detected
2026-06-02 15:26:38,547 - INFO - 1 change detected
2026-06-02 15:26:38,898 - INFO - 1 change detected
2026-06-02 15:26:39,249 - INFO - 1 change detected
2026-06-02 15:26:39,600 - INFO - 1 change detected
2026-06-02 15:26:39,951 - INFO - 1 change detected
2026-06-02 15:26:40,302 - INFO - 1 change detected
2026-06-02 15:26:40,653 - INFO - 1 change detected
2026-06-02 15:26:41,004 - INFO - 1 change detected
2026-06-02 15:26:41,355 - INFO - 1 change detected
2026-06-02 15:26:41,705 - INFO - 1 change detected
2026-06-02 15:26:42,056 - INFO - 1 change detected
2026-06-02 15:26:42,407 - INFO - 1 change detected
2026-06-02 15:26:42,758 - INFO - 1 change detected
2026-06-02 15:26:43,108 - INFO - 1 change detected
2026-06-02 15:26:43,459 - INFO - 1 change detected
2026-06-02 15:26:43,810 - INFO - 1 change detected
2026-06-02 15:26:44,161 - INFO - 1 change detected
2026-06-02 15:26:44,512 - INFO - 1 change detected
2026-06-02 15:26:44,862 - INFO - 1 change detected
2026-06-02 15:26:45,213 - INFO - 1 change detected
2026-06-02 15:26:45,564 - INFO - 1 change detected
2026-06-02 15:26:45,914 - INFO - 1 change detected
2026-06-02 15:26:46,265 - INFO - 1 change detected
2026-06-02 15:26:46,616 - INFO - 1 change detected
2026-06-02 15:26:46,967 - INFO - 1 change detected
2026-06-02 15:26:47,318 - INFO - 1 change detected
2026-06-02 15:26:47,669 - INFO - 1 change detected
2026-06-02 15:26:48,020 - INFO - 1 change detected
2026-06-02 15:26:48,371 - INFO - 1 change detected
2026-06-02 15:26:48,722 - INFO - 1 change detected
2026-06-02 15:26:49,073 - INFO - 1 change detected
2026-06-02 15:26:49,424 - INFO - 1 change detected
2026-06-02 15:26:49,775 - INFO - 1 change detected
2026-06-02 15:26:50,126 - INFO - 1 change detected
2026-06-02 15:26:50,477 - INFO - 1 change detected
2026-06-02 15:26:50,828 - INFO - 1 change detected
2026-06-02 15:26:51,179 - INFO - 1 change detected
2026-06-02 15:26:51,530 - INFO - 1 change detected
2026-06-02 15:26:51,881 - INFO - 1 change detected
2026-06-02 15:26:52,232 - INFO - 1 change detected
2026-06-02 15:26:52,582 - INFO - 1 change detected
2026-06-02 15:26:52,933 - INFO - 1 change detected
2026-06-02 15:26:53,284 - INFO - 1 change detected
2026-06-02 15:26:53,635 - INFO - 1 change detected
2026-06-02 15:26:53,987 - INFO - 1 change detected
2026-06-02 15:26:54,338 - INFO - 1 change detected
2026-06-02 15:26:54,689 - INFO - 1 change detected
2026-06-02 15:26:55,040 - INFO - 1 change detected
2026-06-02 15:26:55,391 - INFO - 1 change detected
2026-06-02 15:26:55,742 - INFO - 1 change detected
2026-06-02 15:26:56,093 - INFO - 1 change detected
2026-06-02 15:26:56,444 - INFO - 1 change detected
2026-06-02 15:26:56,795 - INFO - 1 change detected
2026-06-02 15:26:57,146 - INFO - 1 change detected
2026-06-02 15:26:57,497 - INFO - 1 change detected
2026-06-02 15:26:57,848 - INFO - 1 change detected
2026-06-02 15:26:58,199 - INFO - 1 change detected
2026-06-02 15:26:58,550 - INFO - 1 change detected
2026-06-02 15:26:58,901 - INFO - 1 change detected
2026-06-02 15:26:59,251 - INFO - 1 change detected
2026-06-02 15:26:59,602 - INFO - 1 change detected
2026-06-02 15:26:59,953 - INFO - 1 change detected
2026-06-02 15:27:00,304 - INFO - 1 change detected
2026-06-02 15:27:00,655 - INFO - 1 change detected
2026-06-02 15:27:01,006 - INFO - 1 change detected
2026-06-02 15:27:01,357 - INFO - 1 change detected
2026-06-02 15:27:01,708 - INFO - 1 change detected
2026-06-02 15:27:02,059 - INFO - 1 change detected
2026-06-02 15:27:02,409 - INFO - 1 change detected
2026-06-02 15:27:02,760 - INFO - 1 change detected
2026-06-02 15:27:03,111 - INFO - 1 change detected
2026-06-02 15:27:03,462 - INFO - 1 change detected
2026-06-02 15:27:03,812 - INFO - 1 change detected
2026-06-02 15:27:04,163 - INFO - 1 change detected
2026-06-02 15:27:04,514 - INFO - 1 change detected
2026-06-02 15:27:04,865 - INFO - 1 change detected
2026-06-02 15:27:05,216 - INFO - 1 change detected
2026-06-02 15:27:05,567 - INFO - 1 change detected
2026-06-02 15:27:05,920 - INFO - 1 change detected
2026-06-02 15:27:06,271 - INFO - 1 change detected
2026-06-02 15:27:06,622 - INFO - 1 change detected
2026-06-02 15:27:06,973 - INFO - 1 change detected
2026-06-02 15:27:07,324 - INFO - 1 change detected
2026-06-02 15:27:07,675 - INFO - 1 change detected
2026-06-02 15:27:08,026 - INFO - 1 change detected
2026-06-02 15:27:08,377 - INFO - 1 change detected
2026-06-02 15:27:08,728 - INFO - 1 change detected
2026-06-02 15:27:09,079 - INFO - 1 change detected
2026-06-02 15:27:09,430 - INFO - 1 change detected
2026-06-02 15:27:09,781 - INFO - 1 change detected
2026-06-02 15:27:10,132 - INFO - 1 change detected
2026-06-02 15:27:10,483 - INFO - 1 change detected
2026-06-02 15:27:10,834 - INFO - 1 change detected
2026-06-02 15:27:11,185 - INFO - 1 change detected
2026-06-02 15:27:11,536 - INFO - 1 change detected
2026-06-02 15:27:11,887 - INFO - 1 change detected
2026-06-02 15:27:12,238 - INFO - 1 change detected
2026-06-02 15:27:12,589 - INFO - 1 change detected
2026-06-02 15:27:12,940 - INFO - 1 change detected
2026-06-02 15:27:13,291 - INFO - 1 change detected
2026-06-02 15:27:13,641 - INFO - 1 change detected
2026-06-02 15:27:13,992 - INFO - 1 change detected
2026-06-02 15:27:14,344 - INFO - 1 change detected
2026-06-02 15:27:14,694 - INFO - 1 change detected
2026-06-02 15:27:15,045 - INFO - 1 change detected
2026-06-02 15:27:15,396 - INFO - 1 change detected
2026-06-02 15:27:15,747 - INFO - 1 change detected
2026-06-02 15:27:16,098 - INFO - 1 change detected
2026-06-02 15:27:16,449 - INFO - 1 change detected
2026-06-02 15:27:16,800 - INFO - 1 change detected
2026-06-02 15:27:17,152 - INFO - 1 change detected
2026-06-02 15:27:17,502 - INFO - 1 change detected
2026-06-02 15:27:17,853 - INFO - 1 change detected
2026-06-02 15:27:18,204 - INFO - 1 change detected
2026-06-02 15:27:18,555 - INFO - 1 change detected
2026-06-02 15:27:18,906 - INFO - 1 change detected
2026-06-02 15:27:19,257 - INFO - 1 change detected
2026-06-02 15:27:19,608 - INFO - 1 change detected
2026-06-02 15:27:19,959 - INFO - 1 change detected
2026-06-02 15:27:20,310 - INFO - 1 change detected
2026-06-02 15:27:20,661 - INFO - 1 change detected
2026-06-02 15:27:21,012 - INFO - 1 change detected
2026-06-02 15:27:21,363 - INFO - 1 change detected
2026-06-02 15:27:21,715 - INFO - 1 change detected
2026-06-02 15:27:22,066 - INFO - 1 change detected
2026-06-02 15:27:22,417 - INFO - 1 change detected
2026-06-02 15:27:22,768 - INFO - 1 change detected
2026-06-02 15:27:23,119 - INFO - 1 change detected
2026-06-02 15:27:23,469 - INFO - 1 change detected
2026-06-02 15:27:23,820 - INFO - 1 change detected
2026-06-02 15:27:24,171 - INFO - 1 change detected
2026-06-02 15:27:24,522 - INFO - 1 change detected
2026-06-02 15:27:24,873 - INFO - 1 change detected
2026-06-02 15:27:25,224 - INFO - 1 change detected
2026-06-02 15:27:25,575 - INFO - 1 change detected
2026-06-02 15:27:25,926 - INFO - 1 change detected
2026-06-02 15:27:26,277 - INFO - 1 change detected
2026-06-02 15:27:26,628 - INFO - 1 change detected
2026-06-02 15:27:26,979 - INFO - 1 change detected
2026-06-02 15:27:27,330 - INFO - 1 change detected
2026-06-02 15:27:27,680 - INFO - 1 change detected
2026-06-02 15:27:28,031 - INFO - 1 change detected
2026-06-02 15:27:28,382 - INFO - 1 change detected
2026-06-02 15:27:28,733 - INFO - 1 change detected
2026-06-02 15:27:29,084 - INFO - 1 change detected
2026-06-02 15:27:29,435 - INFO - 1 change detected
2026-06-02 15:27:29,786 - INFO - 1 change detected
2026-06-02 15:27:30,137 - INFO - 1 change detected
2026-06-02 15:27:30,488 - INFO - 1 change detected
2026-06-02 15:27:30,839 - INFO - 1 change detected
2026-06-02 15:27:31,190 - INFO - 1 change detected
2026-06-02 15:27:31,541 - INFO - 1 change detected
2026-06-02 15:27:31,892 - INFO - 1 change detected
2026-06-02 15:27:32,243 - INFO - 1 change detected
2026-06-02 15:27:32,593 - INFO - 1 change detected
2026-06-02 15:27:32,944 - INFO - 1 change detected
2026-06-02 15:27:33,295 - INFO - 1 change detected
2026-06-02 15:27:33,646 - INFO - 1 change detected
2026-06-02 15:27:33,997 - INFO - 1 change detected
2026-06-02 15:27:34,348 - INFO - 1 change detected
2026-06-02 15:27:34,699 - INFO - 1 change detected
2026-06-02 15:27:35,050 - INFO - 1 change detected
2026-06-02 15:27:35,400 - INFO - 1 change detected
2026-06-02 15:27:35,751 - INFO - 1 change detected
2026-06-02 15:27:36,102 - INFO - 1 change detected
2026-06-02 15:27:36,453 - INFO - 1 change detected
2026-06-02 15:27:36,804 - INFO - 1 change detected
2026-06-02 15:27:37,154 - INFO - 1 change detected
2026-06-02 15:27:37,505 - INFO - 1 change detected
2026-06-02 15:27:37,856 - INFO - 1 change detected
2026-06-02 15:27:38,207 - INFO - 1 change detected
2026-06-02 15:27:38,557 - INFO - 1 change detected
2026-06-02 15:27:38,908 - INFO - 1 change detected
2026-06-02 15:27:39,259 - INFO - 1 change detected
2026-06-02 15:27:39,610 - INFO - 1 change detected
2026-06-02 15:27:39,961 - INFO - 1 change detected
2026-06-02 15:27:40,312 - INFO - 1 change detected
2026-06-02 15:27:40,662 - INFO - 1 change detected
2026-06-02 15:27:41,013 - INFO - 1 change detected
2026-06-02 15:27:41,364 - INFO - 1 change detected
2026-06-02 15:27:41,714 - INFO - 1 change detected
2026-06-02 15:27:42,065 - INFO - 1 change detected
2026-06-02 15:27:42,416 - INFO - 1 change detected
2026-06-02 15:27:42,767 - INFO - 1 change detected
2026-06-02 15:27:43,118 - INFO - 1 change detected
2026-06-02 15:27:43,469 - INFO - 1 change detected
2026-06-02 15:27:43,820 - INFO - 1 change detected
2026-06-02 15:27:44,170 - INFO - 1 change detected
2026-06-02 15:27:44,521 - INFO - 1 change detected
2026-06-02 15:27:44,872 - INFO - 1 change detected
2026-06-02 15:27:45,223 - INFO - 1 change detected
2026-06-02 15:27:45,574 - INFO - 1 change detected
2026-06-02 15:27:45,925 - INFO - 1 change detected
2026-06-02 15:27:46,276 - INFO - 1 change detected
2026-06-02 15:27:46,627 - INFO - 1 change detected
2026-06-02 15:27:46,978 - INFO - 1 change detected
2026-06-02 15:27:47,329 - INFO - 1 change detected
2026-06-02 15:27:47,680 - INFO - 1 change detected
2026-06-02 15:27:48,031 - INFO - 1 change detected
2026-06-02 15:27:48,382 - INFO - 1 change detected
2026-06-02 15:27:48,733 - INFO - 1 change detected
2026-06-02 15:27:49,084 - INFO - 1 change detected
2026-06-02 15:27:49,434 - INFO - 1 change detected
2026-06-02 15:27:49,785 - INFO - 1 change detected
2026-06-02 15:27:50,136 - INFO - 1 change detected
2026-06-02 15:27:50,487 - INFO - 1 change detected
2026-06-02 15:27:50,838 - INFO - 1 change detected
2026-06-02 15:27:51,189 - INFO - 1 change detected
2026-06-02 15:27:51,540 - INFO - 1 change detected
2026-06-02 15:27:51,890 - INFO - 1 change detected
2026-06-02 15:27:52,241 - INFO - 1 change detected
2026-06-02 15:27:52,592 - INFO - 1 change detected
2026-06-02 15:27:52,943 - INFO - 1 change detected
2026-06-02 15:27:53,294 - INFO - 1 change detected
2026-06-02 15:27:53,645 - INFO - 1 change detected
2026-06-02 15:27:53,996 - INFO - 1 change detected
2026-06-02 15:27:54,346 - INFO - 1 change detected
2026-06-02 15:27:54,697 - INFO - 1 change detected
2026-06-02 15:27:55,048 - INFO - 1 change detected
2026-06-02 15:27:55,399 - INFO - 1 change detected
2026-06-02 15:27:55,750 - INFO - 1 change detected
2026-06-02 15:27:56,101 - INFO - 1 change detected
2026-06-02 15:27:56,452 - INFO - 1 change detected
2026-06-02 15:27:56,802 - INFO - 1 change detected
2026-06-02 15:27:57,153 - INFO - 1 change detected
2026-06-02 15:27:57,504 - INFO - 1 change detected
2026-06-02 15:27:57,855 - INFO - 1 change detected
2026-06-02 15:27:58,206 - INFO - 1 change detected
2026-06-02 15:27:58,557 - INFO - 1 change detected
2026-06-02 15:27:58,908 - INFO - 1 change detected
2026-06-02 15:27:59,258 - INFO - 1 change detected
2026-06-02 15:27:59,609 - INFO - 1 change detected
2026-06-02 15:27:59,960 - INFO - 1 change detected
2026-06-02 15:28:00,311 - INFO - 1 change detected
2026-06-02 15:28:00,662 - INFO - 1 change detected
2026-06-02 15:28:01,013 - INFO - 1 change detected
2026-06-02 15:28:01,364 - INFO - 1 change detected
2026-06-02 15:28:01,715 - INFO - 1 change detected
2026-06-02 15:28:02,066 - INFO - 1 change detected
2026-06-02 15:28:02,417 - INFO - 1 change detected
2026-06-02 15:28:02,768 - INFO - 1 change detected
2026-06-02 15:28:03,118 - INFO - 1 change detected
2026-06-02 15:28:03,469 - INFO - 1 change detected
2026-06-02 15:28:03,820 - INFO - 1 change detected
2026-06-02 15:28:04,171 - INFO - 1 change detected
2026-06-02 15:28:04,521 - INFO - 1 change detected
2026-06-02 15:28:04,872 - INFO - 1 change detected
2026-06-02 15:28:05,223 - INFO - 1 change detected
2026-06-02 15:28:05,574 - INFO - 1 change detected
2026-06-02 15:28:05,925 - INFO - 1 change detected
2026-06-02 15:28:06,276 - INFO - 1 change detected
2026-06-02 15:28:06,626 - INFO - 1 change detected
2026-06-02 15:28:06,977 - INFO - 1 change detected
2026-06-02 15:28:07,329 - INFO - 1 change detected
2026-06-02 15:28:07,680 - INFO - 1 change detected
2026-06-02 15:28:08,031 - INFO - 1 change detected
2026-06-02 15:28:08,382 - INFO - 1 change detected
2026-06-02 15:28:08,733 - INFO - 1 change detected
2026-06-02 15:28:09,084 - INFO - 1 change detected
2026-06-02 15:28:09,435 - INFO - 1 change detected
2026-06-02 15:28:09,786 - INFO - 1 change detected
2026-06-02 15:28:10,137 - INFO - 1 change detected
2026-06-02 15:28:10,488 - INFO - 1 change detected
2026-06-02 15:28:10,839 - INFO - 1 change detected
2026-06-02 15:28:11,189 - INFO - 1 change detected
2026-06-02 15:28:11,540 - INFO - 1 change detected
2026-06-02 15:28:11,891 - INFO - 1 change detected
2026-06-02 15:28:12,242 - INFO - 1 change detected
2026-06-02 15:28:12,593 - INFO - 1 change detected
2026-06-02 15:28:12,944 - INFO - 1 change detected
2026-06-02 15:28:13,294 - INFO - 1 change detected
2026-06-02 15:28:13,645 - INFO - 1 change detected
2026-06-02 15:28:13,996 - INFO - 1 change detected
2026-06-02 15:28:14,347 - INFO - 1 change detected
2026-06-02 15:28:14,698 - INFO - 1 change detected
2026-06-02 15:28:15,049 - INFO - 1 change detected
2026-06-02 15:28:15,400 - INFO - 1 change detected
2026-06-02 15:28:15,751 - INFO - 1 change detected
2026-06-02 15:28:16,102 - INFO - 1 change detected
2026-06-02 15:28:16,453 - INFO - 1 change detected
2026-06-02 15:28:16,804 - INFO - 1 change detected
2026-06-02 15:28:17,154 - INFO - 1 change detected
2026-06-02 15:28:17,505 - INFO - 1 change detected
2026-06-02 15:28:17,856 - INFO - 1 change detected
2026-06-02 15:28:18,207 - INFO - 1 change detected
2026-06-02 15:28:18,558 - INFO - 1 change detected
2026-06-02 15:28:18,909 - INFO - 1 change detected
2026-06-02 15:28:19,259 - INFO - 1 change detected
2026-06-02 15:28:19,610 - INFO - 1 change detected
2026-06-02 15:28:19,961 - INFO - 1 change detected
2026-06-02 15:28:20,312 - INFO - 1 change detected
2026-06-02 15:28:20,663 - INFO - 1 change detected
2026-06-02 15:28:21,014 - INFO - 1 change detected
2026-06-02 15:28:21,365 - INFO - 1 change detected
2026-06-02 15:28:21,716 - INFO - 1 change detected
2026-06-02 15:28:22,067 - INFO - 1 change detected
2026-06-02 15:28:22,418 - INFO - 1 change detected
2026-06-02 15:28:22,768 - INFO - 1 change detected
2026-06-02 15:28:23,119 - INFO - 1 change detected
2026-06-02 15:28:23,470 - INFO - 1 change detected
2026-06-02 15:28:23,821 - INFO - 1 change detected
2026-06-02 15:28:24,172 - INFO - 1 change detected
2026-06-02 15:28:24,523 - INFO - 1 change detected
2026-06-02 15:28:24,874 - INFO - 1 change detected
2026-06-02 15:28:25,224 - INFO - 1 change detected
2026-06-02 15:28:25,575 - INFO - 1 change detected
2026-06-02 15:28:25,926 - INFO - 1 change detected
2026-06-02 15:28:26,277 - INFO - 1 change detected
2026-06-02 15:28:26,628 - INFO - 1 change detected
2026-06-02 15:28:26,979 - INFO - 1 change detected
2026-06-02 15:28:27,330 - INFO - 1 change detected
2026-06-02 15:28:27,681 - INFO - 1 change detected
2026-06-02 15:28:28,032 - INFO - 1 change detected
2026-06-02 15:28:28,383 - INFO - 1 change detected
2026-06-02 15:28:28,734 - INFO - 1 change detected
2026-06-02 15:28:29,084 - INFO - 1 change detected
2026-06-02 15:28:29,435 - INFO - 1 change detected
2026-06-02 15:28:29,786 - INFO - 1 change detected
2026-06-02 15:28:30,137 - INFO - 1 change detected
2026-06-02 15:28:30,487 - INFO - 1 change detected
2026-06-02 15:28:30,838 - INFO - 1 change detected
2026-06-02 15:28:31,189 - INFO - 1 change detected
2026-06-02 15:28:31,540 - INFO - 1 change detected
2026-06-02 15:28:31,890 - INFO - 1 change detected
2026-06-02 15:28:32,241 - INFO - 1 change detected
2026-06-02 15:28:32,592 - INFO - 1 change detected
2026-06-02 15:28:32,943 - INFO - 1 change detected
2026-06-02 15:28:33,293 - INFO - 1 change detected
2026-06-02 15:28:33,644 - INFO - 1 change detected
2026-06-02 15:28:33,995 - INFO - 1 change detected
2026-06-02 15:28:34,345 - INFO - 1 change detected
2026-06-02 15:28:34,696 - INFO - 1 change detected
2026-06-02 15:28:35,047 - INFO - 1 change detected
2026-06-02 15:28:35,398 - INFO - 1 change detected
2026-06-02 15:28:35,748 - INFO - 1 change detected
2026-06-02 15:28:36,099 - INFO - 1 change detected
2026-06-02 15:28:36,450 - INFO - 1 change detected
2026-06-02 15:28:36,801 - INFO - 1 change detected
2026-06-02 15:28:37,152 - INFO - 1 change detected
2026-06-02 15:28:37,503 - INFO - 1 change detected
2026-06-02 15:28:37,854 - INFO - 1 change detected
2026-06-02 15:28:38,205 - INFO - 1 change detected
2026-06-02 15:28:38,555 - INFO - 1 change detected
2026-06-02 15:28:38,906 - INFO - 1 change detected
2026-06-02 15:28:39,257 - INFO - 1 change detected
2026-06-02 15:28:39,607 - INFO - 1 change detected
2026-06-02 15:28:39,958 - INFO - 1 change detected
2026-06-02 15:28:40,309 - INFO - 1 change detected
2026-06-02 15:28:40,659 - INFO - 1 change detected
2026-06-02 15:28:41,010 - INFO - 1 change detected
2026-06-02 15:28:41,361 - INFO - 1 change detected
2026-06-02 15:28:41,712 - INFO - 1 change detected
2026-06-02 15:28:42,063 - INFO - 1 change detected
2026-06-02 15:28:42,414 - INFO - 1 change detected
2026-06-02 15:28:42,765 - INFO - 1 change detected
2026-06-02 15:28:43,116 - INFO - 1 change detected
2026-06-02 15:28:43,467 - INFO - 1 change detected
2026-06-02 15:28:43,818 - INFO - 1 change detected
2026-06-02 15:28:44,169 - INFO - 1 change detected
2026-06-02 15:28:44,519 - INFO - 1 change detected
2026-06-02 15:28:44,870 - INFO - 1 change detected
2026-06-02 15:28:45,221 - INFO - 1 change detected
2026-06-02 15:28:45,572 - INFO - 1 change detected
2026-06-02 15:28:45,923 - INFO - 1 change detected
2026-06-02 15:28:46,274 - INFO - 1 change detected
2026-06-02 15:28:46,624 - INFO - 1 change detected
2026-06-02 15:28:46,975 - INFO - 1 change detected
2026-06-02 15:28:47,326 - INFO - 1 change detected
2026-06-02 15:28:47,677 - INFO - 1 change detected
2026-06-02 15:28:48,028 - INFO - 1 change detected
2026-06-02 15:28:48,379 - INFO - 1 change detected
2026-06-02 15:28:48,730 - INFO - 1 change detected
2026-06-02 15:28:49,081 - INFO - 1 change detected
2026-06-02 15:28:49,432 - INFO - 1 change detected
2026-06-02 15:28:49,783 - INFO - 1 change detected
2026-06-02 15:28:50,134 - INFO - 1 change detected
2026-06-02 15:28:50,485 - INFO - 1 change detected
2026-06-02 15:28:50,836 - INFO - 1 change detected
2026-06-02 15:28:51,187 - INFO - 1 change detected
2026-06-02 15:28:51,538 - INFO - 1 change detected
2026-06-02 15:28:51,888 - INFO - 1 change detected
2026-06-02 15:28:52,239 - INFO - 1 change detected
2026-06-02 15:28:52,590 - INFO - 1 change detected
2026-06-02 15:28:52,941 - INFO - 1 change detected
2026-06-02 15:28:53,292 - INFO - 1 change detected
2026-06-02 15:28:53,643 - INFO - 1 change detected
2026-06-02 15:28:53,994 - INFO - 1 change detected
2026-06-02 15:28:54,345 - INFO - 1 change detected
2026-06-02 15:28:54,696 - INFO - 1 change detected
2026-06-02 15:28:55,046 - INFO - 1 change detected
2026-06-02 15:28:55,397 - INFO - 1 change detected
2026-06-02 15:28:55,748 - INFO - 1 change detected
2026-06-02 15:28:56,099 - INFO - 1 change detected
2026-06-02 15:28:56,450 - INFO - 1 change detected
2026-06-02 15:28:56,801 - INFO - 1 change detected
2026-06-02 15:28:57,152 - INFO - 1 change detected
2026-06-02 15:28:57,503 - INFO - 1 change detected
2026-06-02 15:28:57,854 - INFO - 1 change detected
2026-06-02 15:28:58,204 - INFO - 1 change detected
2026-06-02 15:28:58,555 - INFO - 1 change detected
2026-06-02 15:28:58,906 - INFO - 1 change detected
2026-06-02 15:28:59,257 - INFO - 1 change detected
2026-06-02 15:28:59,608 - INFO - 1 change detected
2026-06-02 15:28:59,959 - INFO - 1 change detected
2026-06-02 15:29:00,310 - INFO - 1 change detected
2026-06-02 15:29:00,661 - INFO - 1 change detected
2026-06-02 15:29:01,011 - INFO - 1 change detected
2026-06-02 15:29:01,362 - INFO - 1 change detected
2026-06-02 15:29:01,713 - INFO - 1 change detected
2026-06-02 15:29:02,064 - INFO - 1 change detected
2026-06-02 15:29:02,415 - INFO - 1 change detected
2026-06-02 15:29:02,767 - INFO - 1 change detected
2026-06-02 15:29:03,117 - INFO - 1 change detected
2026-06-02 15:29:03,468 - INFO - 1 change detected
2026-06-02 15:29:03,819 - INFO - 1 change detected
2026-06-02 15:29:04,170 - INFO - 1 change detected
2026-06-02 15:29:04,520 - INFO - 1 change detected
2026-06-02 15:29:04,871 - INFO - 1 change detected
2026-06-02 15:29:05,222 - INFO - 1 change detected
2026-06-02 15:29:05,573 - INFO - 1 change detected
2026-06-02 15:29:05,924 - INFO - 1 change detected
2026-06-02 15:29:06,274 - INFO - 1 change detected
2026-06-02 15:29:06,625 - INFO - 1 change detected
2026-06-02 15:29:06,976 - INFO - 1 change detected
2026-06-02 15:29:07,327 - INFO - 1 change detected
2026-06-02 15:29:07,678 - INFO - 1 change detected
2026-06-02 15:29:08,029 - INFO - 1 change detected
2026-06-02 15:29:08,380 - INFO - 1 change detected
2026-06-02 15:29:08,731 - INFO - 1 change detected
2026-06-02 15:29:09,082 - INFO - 1 change detected
2026-06-02 15:29:09,433 - INFO - 1 change detected
2026-06-02 15:29:09,784 - INFO - 1 change detected
2026-06-02 15:29:10,135 - INFO - 1 change detected
2026-06-02 15:29:10,486 - INFO - 1 change detected
2026-06-02 15:29:10,837 - INFO - 1 change detected
2026-06-02 15:29:11,187 - INFO - 1 change detected
2026-06-02 15:29:11,538 - INFO - 1 change detected
2026-06-02 15:29:11,889 - INFO - 1 change detected
2026-06-02 15:29:12,240 - INFO - 1 change detected
2026-06-02 15:29:12,591 - INFO - 1 change detected
2026-06-02 15:29:12,942 - INFO - 1 change detected
2026-06-02 15:29:13,293 - INFO - 1 change detected
2026-06-02 15:29:13,644 - INFO - 1 change detected
2026-06-02 15:29:13,995 - INFO - 1 change detected
2026-06-02 15:29:14,345 - INFO - 1 change detected
2026-06-02 15:29:14,696 - INFO - 1 change detected
2026-06-02 15:29:15,047 - INFO - 1 change detected
2026-06-02 15:29:15,398 - INFO - 1 change detected
2026-06-02 15:29:15,749 - INFO - 1 change detected
2026-06-02 15:29:16,100 - INFO - 1 change detected
2026-06-02 15:29:16,451 - INFO - 1 change detected
2026-06-02 15:29:16,801 - INFO - 1 change detected
2026-06-02 15:29:17,152 - INFO - 1 change detected
2026-06-02 15:29:17,503 - INFO - 1 change detected
2026-06-02 15:29:17,854 - INFO - 1 change detected
2026-06-02 15:29:18,205 - INFO - 1 change detected
2026-06-02 15:29:18,555 - INFO - 1 change detected
2026-06-02 15:29:18,906 - INFO - 1 change detected
2026-06-02 15:29:19,257 - INFO - 1 change detected
2026-06-02 15:29:19,608 - INFO - 1 change detected
2026-06-02 15:29:19,959 - INFO - 1 change detected
2026-06-02 15:29:20,310 - INFO - 1 change detected
2026-06-02 15:29:20,660 - INFO - 1 change detected
2026-06-02 15:29:21,011 - INFO - 1 change detected
2026-06-02 15:29:21,362 - INFO - 1 change detected
2026-06-02 15:29:21,713 - INFO - 1 change detected
2026-06-02 15:29:22,064 - INFO - 1 change detected
2026-06-02 15:29:22,415 - INFO - 1 change detected
2026-06-02 15:29:22,766 - INFO - 1 change detected
2026-06-02 15:29:23,117 - INFO - 1 change detected
2026-06-02 15:29:23,468 - INFO - 1 change detected
2026-06-02 15:29:23,818 - INFO - 1 change detected
2026-06-02 15:29:24,169 - INFO - 1 change detected
2026-06-02 15:29:24,520 - INFO - 1 change detected
2026-06-02 15:29:24,871 - INFO - 1 change detected
2026-06-02 15:29:25,222 - INFO - 1 change detected
2026-06-02 15:29:25,573 - INFO - 1 change detected
2026-06-02 15:29:25,924 - INFO - 1 change detected
2026-06-02 15:29:26,274 - INFO - 1 change detected
2026-06-02 15:29:26,625 - INFO - 1 change detected
2026-06-02 15:29:26,976 - INFO - 1 change detected
2026-06-02 15:29:27,327 - INFO - 1 change detected
2026-06-02 15:29:27,678 - INFO - 1 change detected
2026-06-02 15:29:28,029 - INFO - 1 change detected
2026-06-02 15:29:28,380 - INFO - 1 change detected
2026-06-02 15:29:28,731 - INFO - 1 change detected
2026-06-02 15:29:29,082 - INFO - 1 change detected
2026-06-02 15:29:29,432 - INFO - 1 change detected
2026-06-02 15:29:29,783 - INFO - 1 change detected
2026-06-02 15:29:30,134 - INFO - 1 change detected
2026-06-02 15:29:30,485 - INFO - 1 change detected
2026-06-02 15:29:30,836 - INFO - 1 change detected
2026-06-02 15:29:31,186 - INFO - 1 change detected
2026-06-02 15:29:31,537 - INFO - 1 change detected
2026-06-02 15:29:31,888 - INFO - 1 change detected
2026-06-02 15:29:32,239 - INFO - 1 change detected
2026-06-02 15:29:32,590 - INFO - 1 change detected
2026-06-02 15:29:32,940 - INFO - 1 change detected
2026-06-02 15:29:33,291 - INFO - 1 change detected
2026-06-02 15:29:33,642 - INFO - 1 change detected
2026-06-02 15:29:33,993 - INFO - 1 change detected
2026-06-02 15:29:34,344 - INFO - 1 change detected
2026-06-02 15:29:34,695 - INFO - 1 change detected
2026-06-02 15:29:35,046 - INFO - 1 change detected
2026-06-02 15:29:35,397 - INFO - 1 change detected
2026-06-02 15:29:35,748 - INFO - 1 change detected
2026-06-02 15:29:36,099 - INFO - 1 change detected
2026-06-02 15:29:36,450 - INFO - 1 change detected
2026-06-02 15:29:36,801 - INFO - 1 change detected
2026-06-02 15:29:37,151 - INFO - 1 change detected
2026-06-02 15:29:37,502 - INFO - 1 change detected
2026-06-02 15:29:37,853 - INFO - 1 change detected
2026-06-02 15:29:38,204 - INFO - 1 change detected
2026-06-02 15:29:38,555 - INFO - 1 change detected
2026-06-02 15:29:38,906 - INFO - 1 change detected
2026-06-02 15:29:39,257 - INFO - 1 change detected
2026-06-02 15:29:39,607 - INFO - 1 change detected
2026-06-02 15:29:39,958 - INFO - 1 change detected
2026-06-02 15:29:40,309 - INFO - 1 change detected
2026-06-02 15:29:40,660 - INFO - 1 change detected
2026-06-02 15:29:41,011 - INFO - 1 change detected
2026-06-02 15:29:41,362 - INFO - 1 change detected
2026-06-02 15:29:41,712 - INFO - 1 change detected
2026-06-02 15:29:42,063 - INFO - 1 change detected
2026-06-02 15:29:42,414 - INFO - 1 change detected
2026-06-02 15:29:42,766 - INFO - 1 change detected
2026-06-02 15:29:43,116 - INFO - 1 change detected
2026-06-02 15:29:43,467 - INFO - 1 change detected
2026-06-02 15:29:43,818 - INFO - 1 change detected
2026-06-02 15:29:44,169 - INFO - 1 change detected
2026-06-02 15:29:44,519 - INFO - 1 change detected
2026-06-02 15:29:44,870 - INFO - 1 change detected
2026-06-02 15:29:45,221 - INFO - 1 change detected
2026-06-02 15:29:45,572 - INFO - 1 change detected
2026-06-02 15:29:45,923 - INFO - 1 change detected
2026-06-02 15:29:46,274 - INFO - 1 change detected
2026-06-02 15:29:46,625 - INFO - 1 change detected
2026-06-02 15:29:46,976 - INFO - 1 change detected
2026-06-02 15:29:47,327 - INFO - 1 change detected
2026-06-02 15:29:47,678 - INFO - 1 change detected
2026-06-02 15:29:48,029 - INFO - 1 change detected
2026-06-02 15:29:48,380 - INFO - 1 change detected
2026-06-02 15:29:48,731 - INFO - 1 change detected
2026-06-02 15:29:49,082 - INFO - 1 change detected
2026-06-02 15:29:49,433 - INFO - 1 change detected
2026-06-02 15:29:49,784 - INFO - 1 change detected
2026-06-02 15:29:50,135 - INFO - 1 change detected
2026-06-02 15:29:50,486 - INFO - 1 change detected
2026-06-02 15:29:50,837 - INFO - 1 change detected
2026-06-02 15:29:51,188 - INFO - 1 change detected
2026-06-02 15:29:51,539 - INFO - 1 change detected
2026-06-02 15:29:51,890 - INFO - 1 change detected
2026-06-02 15:29:52,241 - INFO - 1 change detected
2026-06-02 15:29:52,592 - INFO - 1 change detected
2026-06-02 15:29:52,943 - INFO - 1 change detected
2026-06-02 15:29:53,294 - INFO - 1 change detected
2026-06-02 15:29:53,646 - INFO - 1 change detected
2026-06-02 15:29:53,997 - INFO - 1 change detected
2026-06-02 15:29:54,347 - INFO - 1 change detected
2026-06-02 15:29:54,698 - INFO - 1 change detected
2026-06-02 15:29:55,050 - INFO - 1 change detected
2026-06-02 15:29:55,401 - INFO - 1 change detected
2026-06-02 15:29:55,752 - INFO - 1 change detected
2026-06-02 15:29:56,102 - INFO - 1 change detected
2026-06-02 15:29:56,454 - INFO - 1 change detected
2026-06-02 15:29:56,805 - INFO - 1 change detected
2026-06-02 15:29:57,156 - INFO - 1 change detected
2026-06-02 15:29:57,507 - INFO - 1 change detected
2026-06-02 15:29:57,857 - INFO - 1 change detected
2026-06-02 15:29:58,209 - INFO - 1 change detected
2026-06-02 15:29:58,560 - INFO - 1 change detected
2026-06-02 15:29:58,911 - INFO - 1 change detected
2026-06-02 15:29:59,262 - INFO - 1 change detected
2026-06-02 15:29:59,613 - INFO - 1 change detected
2026-06-02 15:29:59,963 - INFO - 1 change detected
2026-06-02 15:30:00,314 - INFO - 1 change detected
2026-06-02 15:30:00,665 - INFO - 1 change detected
2026-06-02 15:30:01,016 - INFO - 1 change detected
2026-06-02 15:30:01,367 - INFO - 1 change detected
2026-06-02 15:30:01,718 - INFO - 1 change detected
2026-06-02 15:30:02,069 - INFO - 1 change detected
2026-06-02 15:30:02,420 - INFO - 1 change detected
2026-06-02 15:30:02,771 - INFO - 1 change detected
2026-06-02 15:30:03,121 - INFO - 1 change detected
2026-06-02 15:30:03,472 - INFO - 1 change detected
2026-06-02 15:30:03,824 - INFO - 1 change detected
2026-06-02 15:30:04,174 - INFO - 1 change detected
2026-06-02 15:30:04,526 - INFO - 1 change detected
2026-06-02 15:30:04,877 - INFO - 1 change detected
2026-06-02 15:30:05,228 - INFO - 1 change detected
2026-06-02 15:30:05,579 - INFO - 1 change detected
2026-06-02 15:30:05,930 - INFO - 1 change detected
2026-06-02 15:30:06,281 - INFO - 1 change detected
2026-06-02 15:30:06,632 - INFO - 1 change detected
2026-06-02 15:30:06,983 - INFO - 1 change detected
2026-06-02 15:30:07,333 - INFO - 1 change detected
2026-06-02 15:30:07,684 - INFO - 1 change detected
2026-06-02 15:30:08,035 - INFO - 1 change detected
2026-06-02 15:30:08,385 - INFO - 1 change detected
2026-06-02 15:30:08,736 - INFO - 1 change detected
2026-06-02 15:30:09,087 - INFO - 1 change detected
2026-06-02 15:30:09,438 - INFO - 1 change detected
2026-06-02 15:30:09,789 - INFO - 1 change detected
2026-06-02 15:30:10,140 - INFO - 1 change detected
2026-06-02 15:30:10,491 - INFO - 1 change detected
2026-06-02 15:30:10,842 - INFO - 1 change detected
2026-06-02 15:30:11,193 - INFO - 1 change detected
2026-06-02 15:30:11,544 - INFO - 1 change detected
2026-06-02 15:30:11,895 - INFO - 1 change detected
2026-06-02 15:30:12,246 - INFO - 1 change detected
2026-06-02 15:30:12,597 - INFO - 1 change detected
2026-06-02 15:30:12,948 - INFO - 1 change detected
2026-06-02 15:30:13,299 - INFO - 1 change detected
2026-06-02 15:30:13,649 - INFO - 1 change detected
2026-06-02 15:30:14,000 - INFO - 1 change detected
2026-06-02 15:30:14,351 - INFO - 1 change detected
2026-06-02 15:30:14,702 - INFO - 1 change detected
2026-06-02 15:30:15,053 - INFO - 1 change detected
2026-06-02 15:30:15,403 - INFO - 1 change detected
2026-06-02 15:30:15,754 - INFO - 1 change detected
2026-06-02 15:30:16,105 - INFO - 1 change detected
2026-06-02 15:30:16,456 - INFO - 1 change detected
2026-06-02 15:30:16,807 - INFO - 1 change detected
2026-06-02 15:30:17,158 - INFO - 1 change detected
2026-06-02 15:30:17,509 - INFO - 1 change detected
2026-06-02 15:30:17,860 - INFO - 1 change detected
2026-06-02 15:30:18,211 - INFO - 1 change detected
2026-06-02 15:30:18,562 - INFO - 1 change detected
2026-06-02 15:30:18,913 - INFO - 1 change detected
2026-06-02 15:30:19,263 - INFO - 1 change detected
2026-06-02 15:30:19,614 - INFO - 1 change detected
2026-06-02 15:30:19,965 - INFO - 1 change detected
2026-06-02 15:30:20,316 - INFO - 1 change detected
2026-06-02 15:30:20,667 - INFO - 1 change detected
2026-06-02 15:30:21,017 - INFO - 1 change detected
2026-06-02 15:30:21,368 - INFO - 1 change detected
2026-06-02 15:30:21,719 - INFO - 1 change detected
2026-06-02 15:30:22,070 - INFO - 1 change detected
2026-06-02 15:30:22,420 - INFO - 1 change detected
2026-06-02 15:30:22,771 - INFO - 1 change detected
2026-06-02 15:30:23,122 - INFO - 1 change detected
2026-06-02 15:30:23,473 - INFO - 1 change detected
2026-06-02 15:30:23,823 - INFO - 1 change detected
2026-06-02 15:30:24,174 - INFO - 1 change detected
2026-06-02 15:30:24,525 - INFO - 1 change detected
2026-06-02 15:30:24,876 - INFO - 1 change detected
2026-06-02 15:30:25,226 - INFO - 1 change detected
2026-06-02 15:30:25,577 - INFO - 1 change detected
2026-06-02 15:30:25,928 - INFO - 1 change detected
2026-06-02 15:30:26,279 - INFO - 1 change detected
2026-06-02 15:30:26,630 - INFO - 1 change detected
2026-06-02 15:30:26,981 - INFO - 1 change detected
2026-06-02 15:30:27,331 - INFO - 1 change detected
2026-06-02 15:30:27,682 - INFO - 1 change detected
2026-06-02 15:30:28,033 - INFO - 1 change detected
2026-06-02 15:30:28,384 - INFO - 1 change detected
2026-06-02 15:30:28,734 - INFO - 1 change detected
2026-06-02 15:30:29,085 - INFO - 1 change detected
2026-06-02 15:30:29,436 - INFO - 1 change detected
2026-06-02 15:30:29,787 - INFO - 1 change detected
2026-06-02 15:30:30,137 - INFO - 1 change detected
2026-06-02 15:30:30,488 - INFO - 1 change detected
2026-06-02 15:30:30,839 - INFO - 1 change detected
2026-06-02 15:30:31,190 - INFO - 1 change detected
2026-06-02 15:30:31,541 - INFO - 1 change detected
2026-06-02 15:30:31,891 - INFO - 1 change detected
2026-06-02 15:30:32,242 - INFO - 1 change detected
2026-06-02 15:30:32,593 - INFO - 1 change detected
2026-06-02 15:30:32,944 - INFO - 1 change detected
2026-06-02 15:30:33,294 - INFO - 1 change detected
2026-06-02 15:30:33,645 - INFO - 1 change detected
2026-06-02 15:30:33,996 - INFO - 1 change detected
2026-06-02 15:30:34,347 - INFO - 1 change detected
2026-06-02 15:30:34,697 - INFO - 1 change detected
2026-06-02 15:30:35,048 - INFO - 1 change detected
2026-06-02 15:30:35,398 - INFO - 1 change detected
2026-06-02 15:30:35,749 - INFO - 1 change detected
2026-06-02 15:30:36,099 - INFO - 1 change detected
2026-06-02 15:30:36,450 - INFO - 1 change detected
2026-06-02 15:30:36,801 - INFO - 1 change detected
2026-06-02 15:30:37,152 - INFO - 1 change detected
2026-06-02 15:30:37,503 - INFO - 1 change detected
2026-06-02 15:30:37,853 - INFO - 1 change detected
2026-06-02 15:30:38,205 - INFO - 1 change detected
2026-06-02 15:30:38,555 - INFO - 1 change detected
2026-06-02 15:30:38,906 - INFO - 1 change detected
2026-06-02 15:30:39,257 - INFO - 1 change detected
2026-06-02 15:30:39,609 - INFO - 1 change detected
2026-06-02 15:30:39,960 - INFO - 1 change detected
2026-06-02 15:30:40,311 - INFO - 1 change detected
2026-06-02 15:30:40,661 - INFO - 1 change detected
2026-06-02 15:30:41,012 - INFO - 1 change detected
2026-06-02 15:30:41,363 - INFO - 1 change detected
2026-06-02 15:30:41,714 - INFO - 1 change detected
2026-06-02 15:30:42,065 - INFO - 1 change detected
2026-06-02 15:30:42,416 - INFO - 1 change detected
2026-06-02 15:30:42,767 - INFO - 1 change detected
2026-06-02 15:30:43,118 - INFO - 1 change detected
2026-06-02 15:30:43,469 - INFO - 1 change detected
2026-06-02 15:30:43,820 - INFO - 1 change detected
2026-06-02 15:30:44,170 - INFO - 1 change detected
2026-06-02 15:30:44,521 - INFO - 1 change detected
2026-06-02 15:30:44,872 - INFO - 1 change detected
2026-06-02 15:30:45,223 - INFO - 1 change detected
2026-06-02 15:30:45,573 - INFO - 1 change detected
2026-06-02 15:30:45,924 - INFO - 1 change detected
2026-06-02 15:30:46,275 - INFO - 1 change detected
2026-06-02 15:30:46,626 - INFO - 1 change detected
2026-06-02 15:30:46,977 - INFO - 1 change detected
2026-06-02 15:30:47,328 - INFO - 1 change detected
2026-06-02 15:30:47,679 - INFO - 1 change detected
2026-06-02 15:30:48,030 - INFO - 1 change detected
2026-06-02 15:30:48,380 - INFO - 1 change detected
2026-06-02 15:30:48,731 - INFO - 1 change detected
2026-06-02 15:30:49,082 - INFO - 1 change detected
2026-06-02 15:30:49,433 - INFO - 1 change detected
2026-06-02 15:30:49,784 - INFO - 1 change detected
2026-06-02 15:30:50,135 - INFO - 1 change detected
2026-06-02 15:30:50,485 - INFO - 1 change detected
2026-06-02 15:30:50,836 - INFO - 1 change detected
2026-06-02 15:30:51,187 - INFO - 1 change detected
2026-06-02 15:30:51,537 - INFO - 1 change detected
2026-06-02 15:30:51,888 - INFO - 1 change detected
2026-06-02 15:30:52,239 - INFO - 1 change detected
2026-06-02 15:30:52,590 - INFO - 1 change detected
2026-06-02 15:30:52,941 - INFO - 1 change detected
2026-06-02 15:30:53,292 - INFO - 1 change detected
2026-06-02 15:30:53,643 - INFO - 1 change detected
2026-06-02 15:30:53,994 - INFO - 1 change detected
2026-06-02 15:30:54,345 - INFO - 1 change detected
2026-06-02 15:30:54,695 - INFO - 1 change detected
2026-06-02 15:30:55,046 - INFO - 1 change detected
2026-06-02 15:30:55,397 - INFO - 1 change detected
2026-06-02 15:30:55,747 - INFO - 1 change detected
2026-06-02 15:30:56,098 - INFO - 1 change detected
2026-06-02 15:30:56,449 - INFO - 1 change detected
2026-06-02 15:30:56,800 - INFO - 1 change detected
2026-06-02 15:30:57,151 - INFO - 1 change detected
2026-06-02 15:30:57,502 - INFO - 1 change detected
2026-06-02 15:30:57,853 - INFO - 1 change detected
2026-06-02 15:30:58,204 - INFO - 1 change detected
2026-06-02 15:30:58,555 - INFO - 1 change detected
2026-06-02 15:30:58,905 - INFO - 1 change detected
2026-06-02 15:30:59,256 - INFO - 1 change detected
2026-06-02 15:30:59,607 - INFO - 1 change detected
2026-06-02 15:30:59,958 - INFO - 1 change detected
2026-06-02 15:31:00,309 - INFO - 1 change detected
2026-06-02 15:31:00,660 - INFO - 1 change detected
2026-06-02 15:31:01,011 - INFO - 1 change detected
2026-06-02 15:31:01,361 - INFO - 1 change detected
2026-06-02 15:31:01,712 - INFO - 1 change detected
2026-06-02 15:31:02,062 - INFO - 1 change detected
2026-06-02 15:31:02,413 - INFO - 1 change detected
2026-06-02 15:31:02,763 - INFO - 1 change detected
2026-06-02 15:31:03,114 - INFO - 1 change detected
2026-06-02 15:31:03,465 - INFO - 1 change detected
2026-06-02 15:31:03,816 - INFO - 1 change detected
2026-06-02 15:31:04,166 - INFO - 1 change detected
2026-06-02 15:31:04,517 - INFO - 1 change detected
2026-06-02 15:31:04,868 - INFO - 1 change detected
2026-06-02 15:31:05,219 - INFO - 1 change detected
2026-06-02 15:31:05,569 - INFO - 1 change detected
2026-06-02 15:31:05,920 - INFO - 1 change detected
2026-06-02 15:31:06,271 - INFO - 1 change detected
2026-06-02 15:31:06,622 - INFO - 1 change detected
2026-06-02 15:31:06,972 - INFO - 1 change detected
2026-06-02 15:31:07,323 - INFO - 1 change detected
2026-06-02 15:31:07,673 - INFO - 1 change detected
2026-06-02 15:31:08,024 - INFO - 1 change detected
2026-06-02 15:31:08,374 - INFO - 1 change detected
2026-06-02 15:31:08,725 - INFO - 1 change detected
2026-06-02 15:31:09,076 - INFO - 1 change detected
2026-06-02 15:31:09,426 - INFO - 1 change detected
2026-06-02 15:31:09,777 - INFO - 1 change detected
2026-06-02 15:31:10,128 - INFO - 1 change detected
2026-06-02 15:31:10,478 - INFO - 1 change detected
2026-06-02 15:31:10,829 - INFO - 1 change detected
2026-06-02 15:31:11,180 - INFO - 1 change detected
2026-06-02 15:31:11,531 - INFO - 1 change detected
2026-06-02 15:31:11,881 - INFO - 1 change detected
2026-06-02 15:31:12,232 - INFO - 1 change detected
2026-06-02 15:31:12,583 - INFO - 1 change detected
2026-06-02 15:31:12,934 - INFO - 1 change detected
2026-06-02 15:31:13,284 - INFO - 1 change detected
2026-06-02 15:31:13,635 - INFO - 1 change detected
2026-06-02 15:31:13,986 - INFO - 1 change detected
2026-06-02 15:31:14,337 - INFO - 1 change detected
2026-06-02 15:31:14,688 - INFO - 1 change detected
2026-06-02 15:31:15,038 - INFO - 1 change detected
2026-06-02 15:31:15,389 - INFO - 1 change detected
2026-06-02 15:31:15,740 - INFO - 1 change detected
2026-06-02 15:31:16,091 - INFO - 1 change detected
2026-06-02 15:31:16,442 - INFO - 1 change detected
2026-06-02 15:31:16,792 - INFO - 1 change detected
2026-06-02 15:31:17,143 - INFO - 1 change detected
2026-06-02 15:31:17,494 - INFO - 1 change detected
2026-06-02 15:31:17,845 - INFO - 1 change detected
2026-06-02 15:31:18,196 - INFO - 1 change detected
2026-06-02 15:31:18,546 - INFO - 1 change detected
2026-06-02 15:31:18,897 - INFO - 1 change detected
2026-06-02 15:31:19,248 - INFO - 1 change detected
2026-06-02 15:31:19,599 - INFO - 1 change detected
2026-06-02 15:31:19,950 - INFO - 1 change detected
2026-06-02 15:31:20,301 - INFO - 1 change detected
2026-06-02 15:31:20,652 - INFO - 1 change detected
2026-06-02 15:31:21,003 - INFO - 1 change detected
2026-06-02 15:31:21,353 - INFO - 1 change detected
2026-06-02 15:31:21,704 - INFO - 1 change detected
2026-06-02 15:31:22,055 - INFO - 1 change detected
2026-06-02 15:31:22,406 - INFO - 1 change detected
2026-06-02 15:31:22,757 - INFO - 1 change detected
2026-06-02 15:31:23,107 - INFO - 1 change detected
2026-06-02 15:31:23,458 - INFO - 1 change detected
2026-06-02 15:31:23,809 - INFO - 1 change detected
2026-06-02 15:31:24,160 - INFO - 1 change detected
2026-06-02 15:31:24,511 - INFO - 1 change detected
2026-06-02 15:31:24,862 - INFO - 1 change detected
2026-06-02 15:31:25,212 - INFO - 1 change detected
2026-06-02 15:31:25,563 - INFO - 1 change detected
2026-06-02 15:31:25,914 - INFO - 1 change detected
2026-06-02 15:31:26,264 - INFO - 1 change detected
2026-06-02 15:31:26,615 - INFO - 1 change detected
2026-06-02 15:31:26,966 - INFO - 1 change detected
2026-06-02 15:31:27,316 - INFO - 1 change detected
2026-06-02 15:31:27,667 - INFO - 1 change detected
2026-06-02 15:31:28,018 - INFO - 1 change detected
2026-06-02 15:31:28,369 - INFO - 1 change detected
2026-06-02 15:31:28,720 - INFO - 1 change detected
2026-06-02 15:31:29,071 - INFO - 1 change detected
2026-06-02 15:31:29,421 - INFO - 1 change detected
2026-06-02 15:31:29,772 - INFO - 1 change detected
2026-06-02 15:31:30,123 - INFO - 1 change detected
2026-06-02 15:31:30,474 - INFO - 1 change detected
2026-06-02 15:31:30,825 - INFO - 1 change detected
2026-06-02 15:31:31,176 - INFO - 1 change detected
2026-06-02 15:31:31,527 - INFO - 1 change detected
2026-06-02 15:31:31,878 - INFO - 1 change detected
2026-06-02 15:31:32,229 - INFO - 1 change detected
2026-06-02 15:31:32,579 - INFO - 1 change detected
2026-06-02 15:31:32,930 - INFO - 1 change detected
2026-06-02 15:31:33,281 - INFO - 1 change detected
2026-06-02 15:31:33,632 - INFO - 1 change detected
2026-06-02 15:31:33,983 - INFO - 1 change detected
2026-06-02 15:31:34,334 - INFO - 1 change detected
2026-06-02 15:31:34,685 - INFO - 1 change detected
2026-06-02 15:31:35,035 - INFO - 1 change detected
2026-06-02 15:31:35,386 - INFO - 1 change detected
2026-06-02 15:31:35,737 - INFO - 1 change detected
2026-06-02 15:31:36,088 - INFO - 1 change detected
2026-06-02 15:31:36,439 - INFO - 1 change detected
2026-06-02 15:31:36,790 - INFO - 1 change detected
2026-06-02 15:31:37,140 - INFO - 1 change detected
2026-06-02 15:31:37,491 - INFO - 1 change detected
2026-06-02 15:31:37,843 - INFO - 1 change detected
2026-06-02 15:31:38,193 - INFO - 1 change detected
2026-06-02 15:31:38,544 - INFO - 1 change detected
2026-06-02 15:31:38,895 - INFO - 1 change detected
2026-06-02 15:31:39,246 - INFO - 1 change detected
2026-06-02 15:31:39,597 - INFO - 1 change detected
2026-06-02 15:31:39,948 - INFO - 1 change detected
2026-06-02 15:31:40,299 - INFO - 1 change detected
2026-06-02 15:31:40,650 - INFO - 1 change detected
2026-06-02 15:31:41,001 - INFO - 1 change detected
2026-06-02 15:31:41,352 - INFO - 1 change detected
2026-06-02 15:31:41,703 - INFO - 1 change detected
2026-06-02 15:31:42,053 - INFO - 1 change detected
2026-06-02 15:31:42,404 - INFO - 1 change detected
2026-06-02 15:31:42,755 - INFO - 1 change detected
2026-06-02 15:31:43,106 - INFO - 1 change detected
2026-06-02 15:31:43,457 - INFO - 1 change detected
2026-06-02 15:31:43,808 - INFO - 1 change detected
2026-06-02 15:31:44,159 - INFO - 1 change detected
2026-06-02 15:31:44,510 - INFO - 1 change detected
2026-06-02 15:31:44,861 - INFO - 1 change detected
2026-06-02 15:31:45,212 - INFO - 1 change detected
2026-06-02 15:31:45,563 - INFO - 1 change detected
2026-06-02 15:31:45,914 - INFO - 1 change detected
2026-06-02 15:31:46,265 - INFO - 1 change detected
2026-06-02 15:31:46,616 - INFO - 1 change detected
2026-06-02 15:31:46,967 - INFO - 1 change detected
2026-06-02 15:31:47,317 - INFO - 1 change detected
2026-06-02 15:31:47,668 - INFO - 1 change detected
2026-06-02 15:31:48,019 - INFO - 1 change detected
2026-06-02 15:31:48,370 - INFO - 1 change detected
2026-06-02 15:31:48,721 - INFO - 1 change detected
2026-06-02 15:31:49,072 - INFO - 1 change detected
2026-06-02 15:31:49,424 - INFO - 1 change detected
2026-06-02 15:31:49,775 - INFO - 1 change detected
2026-06-02 15:31:50,125 - INFO - 1 change detected
2026-06-02 15:31:50,476 - INFO - 1 change detected
2026-06-02 15:31:50,827 - INFO - 1 change detected
2026-06-02 15:31:51,178 - INFO - 1 change detected
2026-06-02 15:31:51,529 - INFO - 1 change detected
2026-06-02 15:31:51,880 - INFO - 1 change detected
2026-06-02 15:31:52,233 - INFO - 1 change detected
2026-06-02 15:31:52,584 - INFO - 1 change detected
2026-06-02 15:31:52,935 - INFO - 1 change detected
2026-06-02 15:31:53,286 - INFO - 1 change detected
2026-06-02 15:31:53,637 - INFO - 1 change detected
2026-06-02 15:31:53,988 - INFO - 1 change detected
2026-06-02 15:31:54,339 - INFO - 1 change detected
2026-06-02 15:31:54,690 - INFO - 1 change detected
2026-06-02 15:31:55,041 - INFO - 1 change detected
2026-06-02 15:31:55,392 - INFO - 1 change detected
2026-06-02 15:31:55,743 - INFO - 1 change detected
2026-06-02 15:31:56,093 - INFO - 1 change detected
2026-06-02 15:31:56,444 - INFO - 1 change detected
2026-06-02 15:31:56,795 - INFO - 1 change detected
2026-06-02 15:31:57,145 - INFO - 1 change detected
2026-06-02 15:31:57,496 - INFO - 1 change detected
2026-06-02 15:31:57,848 - INFO - 1 change detected
2026-06-02 15:31:58,198 - INFO - 1 change detected
2026-06-02 15:31:58,549 - INFO - 1 change detected
2026-06-02 15:31:58,900 - INFO - 1 change detected
2026-06-02 15:31:59,251 - INFO - 1 change detected
2026-06-02 15:31:59,601 - INFO - 1 change detected
2026-06-02 15:31:59,952 - INFO - 1 change detected
2026-06-02 15:32:00,302 - INFO - 1 change detected
2026-06-02 15:32:00,653 - INFO - 1 change detected
2026-06-02 15:32:01,004 - INFO - 1 change detected
2026-06-02 15:32:01,355 - INFO - 1 change detected
2026-06-02 15:32:01,706 - INFO - 1 change detected
2026-06-02 15:32:02,056 - INFO - 1 change detected
2026-06-02 15:32:02,407 - INFO - 1 change detected
2026-06-02 15:32:02,757 - INFO - 1 change detected
2026-06-02 15:32:03,108 - INFO - 1 change detected
2026-06-02 15:32:03,459 - INFO - 1 change detected
2026-06-02 15:32:03,809 - INFO - 1 change detected
2026-06-02 15:32:04,160 - INFO - 1 change detected
2026-06-02 15:32:04,511 - INFO - 1 change detected
2026-06-02 15:32:04,861 - INFO - 1 change detected
2026-06-02 15:32:05,211 - INFO - 1 change detected
2026-06-02 15:32:05,562 - INFO - 1 change detected
2026-06-02 15:32:05,913 - INFO - 1 change detected
2026-06-02 15:32:06,263 - INFO - 1 change detected
2026-06-02 15:32:06,613 - INFO - 1 change detected
2026-06-02 15:32:06,964 - INFO - 1 change detected
2026-06-02 15:32:07,314 - INFO - 1 change detected
2026-06-02 15:32:07,665 - INFO - 1 change detected
2026-06-02 15:32:08,015 - INFO - 1 change detected
2026-06-02 15:32:08,366 - INFO - 1 change detected
2026-06-02 15:32:08,717 - INFO - 1 change detected
2026-06-02 15:32:09,067 - INFO - 1 change detected
2026-06-02 15:32:09,418 - INFO - 1 change detected
2026-06-02 15:32:09,768 - INFO - 1 change detected
2026-06-02 15:32:10,119 - INFO - 1 change detected
2026-06-02 15:32:10,469 - INFO - 1 change detected
2026-06-02 15:32:10,820 - INFO - 1 change detected
2026-06-02 15:32:11,170 - INFO - 1 change detected
2026-06-02 15:32:11,521 - INFO - 1 change detected
2026-06-02 15:32:11,871 - INFO - 1 change detected
2026-06-02 15:32:12,222 - INFO - 1 change detected
2026-06-02 15:32:12,572 - INFO - 1 change detected
2026-06-02 15:32:12,923 - INFO - 1 change detected
2026-06-02 15:32:13,274 - INFO - 1 change detected
2026-06-02 15:32:13,625 - INFO - 1 change detected
2026-06-02 15:32:13,975 - INFO - 1 change detected
2026-06-02 15:32:14,326 - INFO - 1 change detected
2026-06-02 15:32:14,676 - INFO - 1 change detected
2026-06-02 15:32:15,026 - INFO - 1 change detected
2026-06-02 15:32:15,377 - INFO - 1 change detected
2026-06-02 15:32:15,728 - INFO - 1 change detected
2026-06-02 15:32:16,078 - INFO - 1 change detected
2026-06-02 15:32:16,429 - INFO - 1 change detected
2026-06-02 15:32:16,779 - INFO - 1 change detected
2026-06-02 15:32:17,130 - INFO - 1 change detected
2026-06-02 15:32:17,481 - INFO - 1 change detected
2026-06-02 15:32:17,832 - INFO - 1 change detected
2026-06-02 15:32:18,182 - INFO - 1 change detected
2026-06-02 15:32:18,533 - INFO - 1 change detected
2026-06-02 15:32:18,884 - INFO - 1 change detected
2026-06-02 15:32:19,235 - INFO - 1 change detected
2026-06-02 15:32:19,586 - INFO - 1 change detected
2026-06-02 15:32:19,937 - INFO - 1 change detected
2026-06-02 15:32:20,288 - INFO - 1 change detected
2026-06-02 15:32:20,639 - INFO - 1 change detected
2026-06-02 15:32:20,990 - INFO - 1 change detected
2026-06-02 15:32:21,341 - INFO - 1 change detected
2026-06-02 15:32:21,692 - INFO - 1 change detected
2026-06-02 15:32:22,043 - INFO - 1 change detected
2026-06-02 15:32:22,393 - INFO - 1 change detected
2026-06-02 15:32:22,744 - INFO - 1 change detected
2026-06-02 15:32:23,095 - INFO - 1 change detected
2026-06-02 15:32:23,446 - INFO - 1 change detected
2026-06-02 15:32:23,797 - INFO - 1 change detected
2026-06-02 15:32:24,147 - INFO - 1 change detected
2026-06-02 15:32:24,498 - INFO - 1 change detected
2026-06-02 15:32:24,849 - INFO - 1 change detected
2026-06-02 15:32:25,200 - INFO - 1 change detected
2026-06-02 15:32:25,551 - INFO - 1 change detected
2026-06-02 15:32:25,901 - INFO - 1 change detected
2026-06-02 15:32:26,252 - INFO - 1 change detected
2026-06-02 15:32:26,603 - INFO - 1 change detected
2026-06-02 15:32:26,954 - INFO - 1 change detected
2026-06-02 15:32:27,305 - INFO - 1 change detected
2026-06-02 15:32:27,655 - INFO - 1 change detected
2026-06-02 15:32:28,006 - INFO - 1 change detected
2026-06-02 15:32:28,357 - INFO - 1 change detected
2026-06-02 15:32:28,708 - INFO - 1 change detected
2026-06-02 15:32:29,058 - INFO - 1 change detected
2026-06-02 15:32:29,409 - INFO - 1 change detected
2026-06-02 15:32:29,760 - INFO - 1 change detected
2026-06-02 15:32:30,111 - INFO - 1 change detected
2026-06-02 15:32:30,462 - INFO - 1 change detected
2026-06-02 15:32:30,813 - INFO - 1 change detected
2026-06-02 15:32:31,164 - INFO - 1 change detected
2026-06-02 15:32:31,515 - INFO - 1 change detected
2026-06-02 15:32:31,865 - INFO - 1 change detected
2026-06-02 15:32:32,216 - INFO - 1 change detected
2026-06-02 15:32:32,567 - INFO - 1 change detected
2026-06-02 15:32:32,918 - INFO - 1 change detected
2026-06-02 15:32:33,269 - INFO - 1 change detected
2026-06-02 15:32:33,620 - INFO - 1 change detected
2026-06-02 15:32:33,971 - INFO - 1 change detected
2026-06-02 15:32:34,321 - INFO - 1 change detected
2026-06-02 15:32:34,672 - INFO - 1 change detected
2026-06-02 15:32:35,023 - INFO - 1 change detected
2026-06-02 15:32:35,374 - INFO - 1 change detected
2026-06-02 15:32:35,724 - INFO - 1 change detected
2026-06-02 15:32:36,075 - INFO - 1 change detected
2026-06-02 15:32:36,426 - INFO - 1 change detected
2026-06-02 15:32:36,776 - INFO - 1 change detected
2026-06-02 15:32:37,127 - INFO - 1 change detected
2026-06-02 15:32:37,478 - INFO - 1 change detected
2026-06-02 15:32:37,829 - INFO - 1 change detected
2026-06-02 15:32:38,179 - INFO - 1 change detected
2026-06-02 15:32:38,530 - INFO - 1 change detected
2026-06-02 15:32:38,881 - INFO - 1 change detected
2026-06-02 15:32:39,232 - INFO - 1 change detected
2026-06-02 15:32:39,583 - INFO - 1 change detected
2026-06-02 15:32:39,934 - INFO - 1 change detected
2026-06-02 15:32:40,284 - INFO - 1 change detected
